Component: ARM Compiler 5.06 update 6 (build 750) Tool: armlink [4d35ed]

==============================================================================

Section Cross References

    startup_stm32f746xx.o(RESET) refers to startup_stm32f746xx.o(STACK) for __initial_sp
    startup_stm32f746xx.o(RESET) refers to startup_stm32f746xx.o(.text) for Reset_Handler
    startup_stm32f746xx.o(RESET) refers to stm32f7xx_it.o(i.NMI_Handler) for NMI_Handler
    startup_stm32f746xx.o(RESET) refers to stm32f7xx_it.o(i.HardFault_Handler) for HardFault_Handler
    startup_stm32f746xx.o(RESET) refers to stm32f7xx_it.o(i.MemManage_Handler) for MemManage_Handler
    startup_stm32f746xx.o(RESET) refers to stm32f7xx_it.o(i.BusFault_Handler) for BusFault_Handler
    startup_stm32f746xx.o(RESET) refers to stm32f7xx_it.o(i.UsageFault_Handler) for UsageFault_Handler
    startup_stm32f746xx.o(RESET) refers to port.o(.emb_text) for SVC_Handler
    startup_stm32f746xx.o(RESET) refers to stm32f7xx_it.o(i.DebugMon_Handler) for DebugMon_Handler
    startup_stm32f746xx.o(RESET) refers to stm32f7xx_it.o(i.SysTick_Handler) for SysTick_Handler
    startup_stm32f746xx.o(RESET) refers to stm32f7xx_it.o(i.ETH_IRQHandler) for ETH_IRQHandler
    startup_stm32f746xx.o(.text) refers to system_stm32f7xx.o(i.SystemInit) for SystemInit
    startup_stm32f746xx.o(.text) refers to entry.o(.ARM.Collect$$$$00000000) for __main
    main.o(i.StartDefaultTask) refers to lwip.o(i.MX_LWIP_Init) for MX_LWIP_Init
    main.o(i.StartDefaultTask) refers to printf6.o(i.__0printf$6) for __2printf
    main.o(i.StartDefaultTask) refers to cmsis_os2.o(i.osDelay) for osDelay
    main.o(i.StartDefaultTask) refers to ip4_addr.o(i.ip4addr_ntoa) for ip4addr_ntoa
    main.o(i.StartDefaultTask) refers to ip4_addr.o(i.ip4addr_aton) for ip4addr_aton
    main.o(i.StartDefaultTask) refers to api_lib.o(i.netconn_new_with_proto_and_callback) for netconn_new_with_proto_and_callback
    main.o(i.StartDefaultTask) refers to api_lib.o(i.netconn_bind) for netconn_bind
    main.o(i.StartDefaultTask) refers to api_lib.o(i.netconn_connect) for netconn_connect
    main.o(i.StartDefaultTask) refers to printf6.o(i.__0sprintf$6) for __2sprintf
    main.o(i.StartDefaultTask) refers to api_lib.o(i.netconn_write_partly) for netconn_write_partly
    main.o(i.StartDefaultTask) refers to api_lib.o(i.netconn_recv) for netconn_recv
    main.o(i.StartDefaultTask) refers to pbuf.o(i.pbuf_copy_partial) for pbuf_copy_partial
    main.o(i.StartDefaultTask) refers to api_lib.o(i.netconn_close) for netconn_close
    main.o(i.StartDefaultTask) refers to api_lib.o(i.netconn_delete) for netconn_delete
    main.o(i.StartDefaultTask) refers to lwip.o(.bss) for gnetif
    main.o(i.StartDefaultTask) refers to main.o(.bss) for .bss
    main.o(i.SystemClock_Config) refers to memseta.o(.text) for __aeabi_memclr4
    main.o(i.SystemClock_Config) refers to stm32f7xx_hal_rcc.o(i.HAL_RCC_OscConfig) for HAL_RCC_OscConfig
    main.o(i.SystemClock_Config) refers to stm32f7xx_hal_pwr_ex.o(i.HAL_PWREx_EnableOverDrive) for HAL_PWREx_EnableOverDrive
    main.o(i.SystemClock_Config) refers to stm32f7xx_hal_rcc.o(i.HAL_RCC_ClockConfig) for HAL_RCC_ClockConfig
    main.o(i.main) refers to stm32f7xx_hal.o(i.HAL_Init) for HAL_Init
    main.o(i.main) refers to main.o(i.SystemClock_Config) for SystemClock_Config
    main.o(i.main) refers to main.o(i.MX_GPIO_Init) for MX_GPIO_Init
    main.o(i.main) refers to cmsis_os2.o(i.osKernelInitialize) for osKernelInitialize
    main.o(i.main) refers to cmsis_os2.o(i.osThreadNew) for osThreadNew
    main.o(i.main) refers to cmsis_os2.o(i.osKernelStart) for osKernelStart
    main.o(i.main) refers to main.o(.constdata) for .constdata
    main.o(i.main) refers to main.o(i.StartDefaultTask) for StartDefaultTask
    main.o(i.main) refers to main.o(.data) for .data
    main.o(.constdata) refers to main.o(.conststring) for .conststring
    lwip.o(i.MX_LWIP_Init) refers to tcpip.o(i.tcpip_init) for tcpip_init
    lwip.o(i.MX_LWIP_Init) refers to netif.o(i.netif_add) for netif_add
    lwip.o(i.MX_LWIP_Init) refers to netif.o(i.netif_set_default) for netif_set_default
    lwip.o(i.MX_LWIP_Init) refers to netif.o(i.netif_set_up) for netif_set_up
    lwip.o(i.MX_LWIP_Init) refers to netif.o(i.netif_set_down) for netif_set_down
    lwip.o(i.MX_LWIP_Init) refers to lwip.o(.data) for .data
    lwip.o(i.MX_LWIP_Init) refers to tcpip.o(i.tcpip_input) for tcpip_input
    lwip.o(i.MX_LWIP_Init) refers to ethernetif.o(i.ethernetif_init) for ethernetif_init
    lwip.o(i.MX_LWIP_Init) refers to lwip.o(.bss) for .bss
    ethernetif.o(i.HAL_ETH_MspDeInit) refers to stm32f7xx_hal_gpio.o(i.HAL_GPIO_DeInit) for HAL_GPIO_DeInit
    ethernetif.o(i.HAL_ETH_MspDeInit) refers to stm32f7xx_hal_cortex.o(i.HAL_NVIC_DisableIRQ) for HAL_NVIC_DisableIRQ
    ethernetif.o(i.HAL_ETH_MspInit) refers to memseta.o(.text) for __aeabi_memclr4
    ethernetif.o(i.HAL_ETH_MspInit) refers to stm32f7xx_hal_gpio.o(i.HAL_GPIO_Init) for HAL_GPIO_Init
[...]
    fputc                                    0x08002f7d   Thumb Code    22  retarget_io.o(i.fputc)
    icmp_dest_unreach                        0x08002f9d   Thumb Code     8  icmp.o(i.icmp_dest_unreach)
    icmp_input                               0x08002fa5   Thumb Code   284  icmp.o(i.icmp_input)
    icmp_time_exceeded                       0x080032a1   Thumb Code     8  icmp.o(i.icmp_time_exceeded)
    ip4_addr_isbroadcast_u32                 0x080032a9   Thumb Code    46  ip4_addr.o(i.ip4_addr_isbroadcast_u32)
    ip4_frag                                 0x080032d9   Thumb Code   434  ip4_frag.o(i.ip4_frag)
    ip4_input                                0x08003541   Thumb Code   364  ip4.o(i.ip4_input)
    ip4_output_if                            0x080036e1   Thumb Code    30  ip4.o(i.ip4_output_if)
    ip4_output_if_src                        0x08003701   Thumb Code   216  ip4.o(i.ip4_output_if_src)
    ip4_reass                                0x08003879   Thumb Code   484  ip4_frag.o(i.ip4_reass)
    ip4_route                                0x08003b01   Thumb Code    86  ip4.o(i.ip4_route)
    ip4addr_aton                             0x08003b61   Thumb Code   296  ip4_addr.o(i.ip4addr_aton)
    ip4addr_ntoa                             0x08003cf9   Thumb Code     8  ip4_addr.o(i.ip4addr_ntoa)
    ip4addr_ntoa_r                           0x08003d05   Thumb Code   124  ip4_addr.o(i.ip4addr_ntoa_r)
    ip_reass_tmr                             0x0800432d   Thumb Code    40  ip4_frag.o(i.ip_reass_tmr)
    lwip_htonl                               0x080046d9   Thumb Code     4  def.o(i.lwip_htonl)
    lwip_htons                               0x080046dd   Thumb Code     4  def.o(i.lwip_htons)
    lwip_init                                0x080046e1   Thumb Code    34  init.o(i.lwip_init)
    lwip_netconn_do_bind                     0x08004703   Thumb Code    54  api_msg.o(i.lwip_netconn_do_bind)
    lwip_netconn_do_close                    0x08004739   Thumb Code   178  api_msg.o(i.lwip_netconn_do_close)
    lwip_netconn_do_connect                  0x08004b35   Thumb Code   222  api_msg.o(i.lwip_netconn_do_connect)
    lwip_netconn_do_delconn                  0x08004e19   Thumb Code   254  api_msg.o(i.lwip_netconn_do_delconn)
    lwip_netconn_do_newconn                  0x08004fb1   Thumb Code    18  api_msg.o(i.lwip_netconn_do_newconn)
    lwip_netconn_do_recv                     0x08004fc3   Thumb Code    66  api_msg.o(i.lwip_netconn_do_recv)
    lwip_netconn_do_write                    0x08005005   Thumb Code   180  api_msg.o(i.lwip_netconn_do_write)
    lwip_netconn_is_err_msg                  0x08005581   Thumb Code    62  api_msg.o(i.lwip_netconn_is_err_msg)
    main                                     0x0800562d   Thumb Code    36  main.o(i.main)
    mem_free                                 0x0800565d   Thumb Code   208  mem.o(i.mem_free)
    mem_init                                 0x08005825   Thumb Code    76  mem.o(i.mem_init)
    mem_malloc                               0x080058ed   Thumb Code   314  mem.o(i.mem_malloc)
    mem_trim                                 0x08005b49   Thumb Code   314  mem.o(i.mem_trim)
    memp_free                                0x08005d2d   Thumb Code    34  memp.o(i.memp_free)
    memp_init                                0x08005dc9   Thumb Code    26  memp.o(i.memp_init)
    memp_init_pool                           0x08005de9   Thumb Code    42  memp.o(i.memp_init_pool)
    memp_malloc                              0x08005e15   Thumb Code    38  memp.o(i.memp_malloc)
    netbuf_delete                            0x08005eb9   Thumb Code    34  netbuf.o(i.netbuf_delete)
    netconn_alloc                            0x08005edd   Thumb Code   126  api_msg.o(i.netconn_alloc)
    netconn_bind                             0x08005ff9   Thumb Code    54  api_lib.o(i.netconn_bind)
    netconn_close                            0x080060b1   Thumb Code     6  api_lib.o(i.netconn_close)
    netconn_connect                          0x08006169   Thumb Code    54  api_lib.o(i.netconn_connect)
    netconn_delete                           0x08006225   Thumb Code    30  api_lib.o(i.netconn_delete)
    netconn_err                              0x080062df   Thumb Code    30  api_lib.o(i.netconn_err)
    netconn_free                             0x080062fd   Thumb Code   104  api_msg.o(i.netconn_free)
    netconn_new_with_proto_and_callback      0x08006469   Thumb Code   154  api_lib.o(i.netconn_new_with_proto_and_callback)
    netconn_prepare_delete                   0x080065e1   Thumb Code    28  api_lib.o(i.netconn_prepare_delete)
    netconn_recv                             0x08006601   Thumb Code   150  api_lib.o(i.netconn_recv)
    netconn_write_partly                     0x08006a15   Thumb Code    20  api_lib.o(i.netconn_write_partly)
    netconn_write_vectors_partly             0x08006a29   Thumb Code   200  api_lib.o(i.netconn_write_vectors_partly)
    netif_add                                0x08006bb5   Thumb Code   238  netif.o(i.netif_add)
    netif_get_by_index                       0x08006e99   Thumb Code    34  netif.o(i.netif_get_by_index)
    netif_init                               0x08006ec1   Thumb Code     2  netif.o(i.netif_init)
    netif_set_addr                           0x08006f8d   Thumb Code    90  netif.o(i.netif_set_addr)
    netif_set_default                        0x08006fed   Thumb Code     6  netif.o(i.netif_set_default)
    netif_set_down                           0x08006ff9   Thumb Code    42  netif.o(i.netif_set_down)
    netif_set_up                             0x080070a1   Thumb Code    40  netif.o(i.netif_set_up)
    osDelay                                  0x08007141   Thumb Code    48  cmsis_os2.o(i.osDelay)
    osKernelGetTickCount                     0x08007175   Thumb Code    34  cmsis_os2.o(i.osKernelGetTickCount)
    osKernelInitialize                       0x0800719d   Thumb Code    50  cmsis_os2.o(i.osKernelInitialize)
    osKernelStart                            0x080071d5   Thumb Code    58  cmsis_os2.o(i.osKernelStart)
    osMessageQueueDelete                     0x08007215   Thumb Code    62  cmsis_os2.o(i.osMessageQueueDelete)
    osMessageQueueGet                        0x08007259   Thumb Code   118  cmsis_os2.o(i.osMessageQueueGet)
    osMessageQueueGetCount                   0x080072d9   Thumb Code    40  cmsis_os2.o(i.osMessageQueueGetCount)
    osMessageQueueNew                        0x08007305   Thumb Code   110  cmsis_os2.o(i.osMessageQueueNew)
    osMessageQueuePut                        0x08007379   Thumb Code   122  cmsis_os2.o(i.osMessageQueuePut)
    osMutexAcquire                           0x080073fd   Thumb Code   104  cmsis_os2.o(i.osMutexAcquire)
    osMutexNew                               0x08007469   Thumb Code   124  cmsis_os2.o(i.osMutexNew)
    osMutexRelease                           0x080074e9   Thumb Code    88  cmsis_os2.o(i.osMutexRelease)
    osSemaphoreAcquire                       0x08007545   Thumb Code   114  cmsis_os2.o(i.osSemaphoreAcquire)
    osSemaphoreDelete                        0x080075c1   Thumb Code    62  cmsis_os2.o(i.osSemaphoreDelete)
    osSemaphoreNew                           0x08007605   Thumb Code   172  cmsis_os2.o(i.osSemaphoreNew)
    osSemaphoreRelease                       0x080076b5   Thumb Code   108  cmsis_os2.o(i.osSemaphoreRelease)
    osThreadNew                              0x08007729   Thumb Code   164  cmsis_os2.o(i.osThreadNew)
    pbuf_add_header                          0x080077d1   Thumb Code     6  pbuf.o(i.pbuf_add_header)
    pbuf_alloc                               0x08007899   Thumb Code   334  pbuf.o(i.pbuf_alloc)
    pbuf_alloc_reference                     0x08007af5   Thumb Code    68  pbuf.o(i.pbuf_alloc_reference)
    pbuf_alloced_custom                      0x08007ba5   Thumb Code    54  pbuf.o(i.pbuf_alloced_custom)
    pbuf_cat                                 0x08007bdd   Thumb Code    96  pbuf.o(i.pbuf_cat)
    pbuf_clen                                0x08007d0d   Thumb Code    18  pbuf.o(i.pbuf_clen)
    pbuf_clone                               0x08007d21   Thumb Code    48  pbuf.o(i.pbuf_clone)
    pbuf_copy                                0x08007dbd   Thumb Code   232  pbuf.o(i.pbuf_copy)
    pbuf_copy_partial                        0x08007f9d   Thumb Code   126  pbuf.o(i.pbuf_copy_partial)
    pbuf_free                                0x080080b9   Thumb Code   178  pbuf.o(i.pbuf_free)
    pbuf_header_force                        0x08008255   Thumb Code     6  pbuf.o(i.pbuf_header_force)
    pbuf_realloc                             0x08008285   Thumb Code   142  pbuf.o(i.pbuf_realloc)
    pbuf_ref                                 0x080083b9   Thumb Code    46  pbuf.o(i.pbuf_ref)
    pbuf_remove_header                       0x08008455   Thumb Code    74  pbuf.o(i.pbuf_remove_header)
    pvPortMalloc                             0x08009075   Thumb Code   222  heap_4.o(i.pvPortMalloc)
    pvTaskIncrementMutexHeldCount            0x08009159   Thumb Code    18  tasks.o(i.pvTaskIncrementMutexHeldCount)
    pxPortInitialiseStack                    0x08009171   Thumb Code    42  port.o(i.pxPortInitialiseStack)
    sys_arch_mbox_fetch                      0x0800959d   Thumb Code    62  sys_arch.o(i.sys_arch_mbox_fetch)
    sys_arch_mbox_tryfetch                   0x080095db   Thumb Code    22  sys_arch.o(i.sys_arch_mbox_tryfetch)
    sys_arch_protect                         0x080095f1   Thumb Code    18  sys_arch.o(i.sys_arch_protect)
    sys_arch_sem_wait                        0x08009609   Thumb Code    56  sys_arch.o(i.sys_arch_sem_wait)
    sys_arch_unprotect                       0x08009641   Thumb Code     8  sys_arch.o(i.sys_arch_unprotect)
    sys_check_timeouts                       0x0800964d   Thumb Code    62  timeouts.o(i.sys_check_timeouts)
    sys_init                                 0x08009691   Thumb Code    14  sys_arch.o(i.sys_init)
    sys_mbox_free                            0x080096a5   Thumb Code    20  sys_arch.o(i.sys_mbox_free)
    sys_mbox_new                             0x080096b9   Thumb Code    30  sys_arch.o(i.sys_mbox_new)
    sys_mbox_set_invalid                     0x080096d7   Thumb Code     6  sys_arch.o(i.sys_mbox_set_invalid)
    sys_mbox_trypost                         0x080096dd   Thumb Code    24  sys_arch.o(i.sys_mbox_trypost)
    sys_mbox_valid                           0x080096f5   Thumb Code    10  sys_arch.o(i.sys_mbox_valid)
    sys_mutex_lock                           0x080096ff   Thumb Code    10  sys_arch.o(i.sys_mutex_lock)
    sys_mutex_new                            0x08009709   Thumb Code    24  sys_arch.o(i.sys_mutex_new)
    sys_mutex_unlock                         0x08009721   Thumb Code     6  sys_arch.o(i.sys_mutex_unlock)
    sys_now                                  0x08009727   Thumb Code     4  ethernetif.o(i.sys_now)
    sys_sem_free                             0x0800972b   Thumb Code     6  sys_arch.o(i.sys_sem_free)
    sys_sem_new                              0x08009731   Thumb Code    40  sys_arch.o(i.sys_sem_new)
    sys_sem_set_invalid                      0x08009759   Thumb Code     6  sys_arch.o(i.sys_sem_set_invalid)
    sys_sem_signal                           0x0800975f   Thumb Code     6  sys_arch.o(i.sys_sem_signal)
    sys_sem_valid                            0x08009765   Thumb Code    10  sys_arch.o(i.sys_sem_valid)
    sys_thread_new                           0x0800976f   Thumb Code    46  sys_arch.o(i.sys_thread_new)
    sys_timeout                              0x0800979d   Thumb Code    46  timeouts.o(i.sys_timeout)
    sys_timeouts_init                        0x08009959   Thumb Code    30  timeouts.o(i.sys_timeouts_init)
    sys_timeouts_sleeptime                   0x08009981   Thumb Code    34  timeouts.o(i.sys_timeouts_sleeptime)
    tcp_abandon                              0x080099a9   Thumb Code   258  tcp.o(i.tcp_abandon)
    tcp_abort                                0x08009b59   Thumb Code     6  tcp.o(i.tcp_abort)
    tcp_accept                               0x08009b5f   Thumb Code    14  tcp.o(i.tcp_accept)
    tcp_alloc                                0x08009b6d   Thumb Code   288  tcp.o(i.tcp_alloc)
    tcp_arg                                  0x08009c99   Thumb Code     8  tcp.o(i.tcp_arg)
    tcp_bind                                 0x08009ca1   Thumb Code   168  tcp.o(i.tcp_bind)
    tcp_close                                0x08009ded   Thumb Code    48  tcp.o(i.tcp_close)
    tcp_connect                              0x0800a12d   Thumb Code   278  tcp.o(i.tcp_connect)
    tcp_eff_send_mss_netif                   0x0800a48d   Thumb Code    54  tcp.o(i.tcp_eff_send_mss_netif)
    tcp_enqueue_flags                        0x0800a545   Thumb Code   270  tcp_out.o(i.tcp_enqueue_flags)
    tcp_err                                  0x0800a77d   Thumb Code    34  tcp.o(i.tcp_err)
    tcp_fasttmr                              0x0800a821   Thumb Code   102  tcp.o(i.tcp_fasttmr)
    tcp_free                                 0x0800a88d   Thumb Code    34  tcp.o(i.tcp_free)
    tcp_free_ooseq                           0x0800aa5d   Thumb Code    20  tcp.o(i.tcp_free_ooseq)
    tcp_init                                 0x0800aa99   Thumb Code    20  tcp.o(i.tcp_init)
    tcp_input                                0x0800aab1   Thumb Code  1584  tcp_in.o(i.tcp_input)
    tcp_keepalive                            0x0800b1d5   Thumb Code    82  tcp_out.o(i.tcp_keepalive)
    tcp_netif_ip_addr_changed                0x0800b565   Thumb Code    70  tcp.o(i.tcp_netif_ip_addr_changed)
    tcp_new_ip_type                          0x0800b671   Thumb Code     6  tcp.o(i.tcp_new_ip_type)
    tcp_next_iss                             0x0800b6d9   Thumb Code    32  tcp.o(i.tcp_next_iss)
    tcp_output                               0x0800b881   Thumb Code   552  tcp_out.o(i.tcp_output)
    tcp_pcb_purge                            0x0800c3d1   Thumb Code    88  tcp.o(i.tcp_pcb_purge)
    tcp_pcb_remove                           0x0800c49d   Thumb Code   174  tcp.o(i.tcp_pcb_remove)
    tcp_poll                                 0x0800c62d   Thumb Code    58  tcp.o(i.tcp_poll)
    tcp_process_refused_data                 0x0800cbc1   Thumb Code   132  tcp.o(i.tcp_process_refused_data)
    tcp_recv                                 0x0800d5ed   Thumb Code    34  tcp.o(i.tcp_recv)
    tcp_recv_null                            0x0800d691   Thumb Code    60  tcp.o(i.tcp_recv_null)
    tcp_recved                               0x0800d741   Thumb Code   104  tcp.o(i.tcp_recved)
    tcp_rexmit                               0x0800d899   Thumb Code   118  tcp_out.o(i.tcp_rexmit)
    tcp_rexmit_fast                          0x0800d985   Thumb Code   108  tcp_out.o(i.tcp_rexmit_fast)
    tcp_rexmit_rto                           0x0800da6d   Thumb Code    42  tcp_out.o(i.tcp_rexmit_rto)
    tcp_rexmit_rto_commit                    0x0800db11   Thumb Code    44  tcp_out.o(i.tcp_rexmit_rto_commit)
    tcp_rexmit_rto_prepare                   0x0800dbbd   Thumb Code   118  tcp_out.o(i.tcp_rexmit_rto_prepare)
    tcp_rst                                  0x0800dcc5   Thumb Code   128  tcp_out.o(i.tcp_rst)
    tcp_seg_copy                             0x0800ddd9   Thumb Code    56  tcp.o(i.tcp_seg_copy)
    tcp_seg_free                             0x0800de85   Thumb Code    28  tcp.o(i.tcp_seg_free)
    tcp_segs_free                            0x0800dea1   Thumb Code    18  tcp.o(i.tcp_segs_free)
    tcp_send_empty_ack                       0x0800deb5   Thumb Code   110  tcp_out.o(i.tcp_send_empty_ack)
    tcp_send_fin                             0x0800dfa1   Thumb Code    84  tcp_out.o(i.tcp_send_fin)
    tcp_sent                                 0x0800e06d   Thumb Code    34  tcp.o(i.tcp_sent)
    tcp_shutdown                             0x0800e111   Thumb Code   104  tcp.o(i.tcp_shutdown)
    tcp_slowtmr                              0x0800e1ed   Thumb Code  1410  tcp.o(i.tcp_slowtmr)
    tcp_split_unsent_seg                     0x0800e7c1   Thumb Code   362  tcp_out.o(i.tcp_split_unsent_seg)
    tcp_timer_needed                         0x0800e9f1   Thumb Code    36  timeouts.o(i.tcp_timer_needed)
    tcp_tmr                                  0x0800eb25   Thumb Code    28  tcp.o(i.tcp_tmr)
    tcp_trigger_input_pcb_close              0x0800eb45   Thumb Code    12  tcp_in.o(i.tcp_trigger_input_pcb_close)
    tcp_update_rcv_ann_wnd                   0x0800eb55   Thumb Code    92  tcp.o(i.tcp_update_rcv_ann_wnd)
    tcp_write                                0x0800ec49   Thumb Code  1698  tcp_out.o(i.tcp_write)
    tcp_zero_window_probe                    0x0800f481   Thumb Code   194  tcp_out.o(i.tcp_zero_window_probe)
    tcpip_init                               0x0800f5c5   Thumb Code    88  tcpip.o(i.tcpip_init)
    tcpip_inpkt                              0x0800f6d5   Thumb Code    82  tcpip.o(i.tcpip_inpkt)
    tcpip_input                              0x0800f795   Thumb Code    20  tcpip.o(i.tcpip_input)
    tcpip_send_msg_wait_sem                  0x0800f7b1   Thumb Code    26  tcpip.o(i.tcpip_send_msg_wait_sem)
    tcpip_try_callback                       0x0800f9cd   Thumb Code    78  tcpip.o(i.tcpip_try_callback)
    udp_bind                                 0x0800fa89   Thumb Code   194  udp.o(i.udp_bind)
    udp_connect                              0x0800fbc5   Thumb Code   108  udp.o(i.udp_connect)
    udp_init                                 0x0800fcc5   Thumb Code    20  udp.o(i.udp_init)
    udp_input                                0x0800fcdd   Thumb Code   310  udp.o(i.udp_input)
    udp_netif_ip_addr_changed                0x0800ffd1   Thumb Code    48  udp.o(i.udp_netif_ip_addr_changed)
    udp_new                                  0x08010005   Thumb Code    26  udp.o(i.udp_new)
    udp_new_ip_type                          0x0801001f   Thumb Code     4  udp.o(i.udp_new_ip_type)
    udp_recv                                 0x08010025   Thumb Code    22  udp.o(i.udp_recv)
    udp_remove                               0x080100ad   Thumb Code    58  udp.o(i.udp_remove)
    uxListRemove                             0x0801015d   Thumb Code    38  list.o(i.uxListRemove)
    uxQueueMessagesWaiting                   0x08010183   Thumb Code    40  queue.o(i.uxQueueMessagesWaiting)
    uxQueueMessagesWaitingFromISR            0x080101ab   Thumb Code    26  queue.o(i.uxQueueMessagesWaitingFromISR)
    vApplicationGetIdleTaskMemory            0x080101c5   Thumb Code    18  cmsis_os2.o(i.vApplicationGetIdleTaskMemory)
    vApplicationGetTimerTaskMemory           0x080101dd   Thumb Code    20  cmsis_os2.o(i.vApplicationGetTimerTaskMemory)
    vListInitialise                          0x080101f5   Thumb Code    22  list.o(i.vListInitialise)
    vListInitialiseItem                      0x0801020b   Thumb Code     6  list.o(i.vListInitialiseItem)
    vListInsert                              0x08010211   Thumb Code    48  list.o(i.vListInsert)
    vListInsertEnd                           0x08010241   Thumb Code    24  list.o(i.vListInsertEnd)
    vPortEnterCritical                       0x08010259   Thumb Code    62  port.o(i.vPortEnterCritical)
    vPortExitCritical                        0x080102a1   Thumb Code    38  port.o(i.vPortExitCritical)
    vPortFree                                0x080102cd   Thumb Code    96  heap_4.o(i.vPortFree)
    vPortSetupTimerInterrupt                 0x08010331   Thumb Code    32  port.o(i.vPortSetupTimerInterrupt)
    vPortValidateInterruptPriority           0x08010355   Thumb Code    82  port.o(i.vPortValidateInterruptPriority)
    vQueueAddToRegistry                      0x080103b1   Thumb Code    34  queue.o(i.vQueueAddToRegistry)
    vQueueDelete                             0x080103d9   Thumb Code    50  queue.o(i.vQueueDelete)
    vQueueUnregisterQueue                    0x0801040d   Thumb Code    36  queue.o(i.vQueueUnregisterQueue)
    vQueueWaitForMessageRestricted           0x08010435   Thumb Code    68  queue.o(i.vQueueWaitForMessageRestricted)
    vTaskDelay                               0x08010479   Thumb Code    70  tasks.o(i.vTaskDelay)
    vTaskInternalSetTimeOutState             0x080104c9   Thumb Code    12  tasks.o(i.vTaskInternalSetTimeOutState)
    vTaskMissedYield                         0x080104d9   Thumb Code     8  tasks.o(i.vTaskMissedYield)
    vTaskPlaceOnEventList                    0x080104e5   Thumb Code    48  tasks.o(i.vTaskPlaceOnEventList)
    vTaskPlaceOnEventListRestricted          0x08010519   Thumb Code    56  tasks.o(i.vTaskPlaceOnEventListRestricted)
    vTaskPriorityDisinheritAfterTimeout      0x08010555   Thumb Code   144  tasks.o(i.vTaskPriorityDisinheritAfterTimeout)
    vTaskStartScheduler                      0x080105ed   Thumb Code   126  tasks.o(i.vTaskStartScheduler)
    vTaskSuspendAll                          0x0801067d   Thumb Code    10  tasks.o(i.vTaskSuspendAll)
    vTaskSwitchContext                       0x0801068d   Thumb Code    94  tasks.o(i.vTaskSwitchContext)
    xPortStartScheduler                      0x080106f5   Thumb Code   176  port.o(i.xPortStartScheduler)
    xPortSysTickHandler                      0x080107b5   Thumb Code    42  port.o(i.xPortSysTickHandler)
    xQueueCreateCountingSemaphore            0x080107e5   Thumb Code    66  queue.o(i.xQueueCreateCountingSemaphore)
    xQueueCreateCountingSemaphoreStatic      0x08010827   Thumb Code    72  queue.o(i.xQueueCreateCountingSemaphoreStatic)
    xQueueCreateMutex                        0x0801086f   Thumb Code    22  queue.o(i.xQueueCreateMutex)
    xQueueCreateMutexStatic                  0x08010885   Thumb Code    26  queue.o(i.xQueueCreateMutexStatic)
    xQueueGenericCreate                      0x0801089f   Thumb Code    76  queue.o(i.xQueueGenericCreate)
    xQueueGenericCreateStatic                0x080108eb   Thumb Code   118  queue.o(i.xQueueGenericCreateStatic)
    xQueueGenericReset                       0x08010961   Thumb Code   148  queue.o(i.xQueueGenericReset)
    xQueueGenericSend                        0x080109f9   Thumb Code   362  queue.o(i.xQueueGenericSend)
    xQueueGenericSendFromISR                 0x08010b69   Thumb Code   204  queue.o(i.xQueueGenericSendFromISR)
    xQueueGiveFromISR                        0x08010c35   Thumb Code   172  queue.o(i.xQueueGiveFromISR)
    xQueueGiveMutexRecursive                 0x08010ce1   Thumb Code    66  queue.o(i.xQueueGiveMutexRecursive)
    xQueueReceive                            0x08010d25   Thumb Code   322  queue.o(i.xQueueReceive)
    xQueueReceiveFromISR                     0x08010e6d   Thumb Code   168  queue.o(i.xQueueReceiveFromISR)
    xQueueSemaphoreTake                      0x08010f15   Thumb Code   392  queue.o(i.xQueueSemaphoreTake)
    xQueueTakeMutexRecursive                 0x080110a1   Thumb Code    64  queue.o(i.xQueueTakeMutexRecursive)
    xTaskCheckForTimeOut                     0x080110e1   Thumb Code   124  tasks.o(i.xTaskCheckForTimeOut)
    xTaskCreate                              0x08011161   Thumb Code    90  tasks.o(i.xTaskCreate)
    xTaskCreateStatic                        0x080111bb   Thumb Code    94  tasks.o(i.xTaskCreateStatic)
    xTaskGetCurrentTaskHandle                0x08011219   Thumb Code     6  tasks.o(i.xTaskGetCurrentTaskHandle)
    xTaskGetSchedulerState                   0x08011225   Thumb Code    22  tasks.o(i.xTaskGetSchedulerState)
    xTaskGetTickCount                        0x08011241   Thumb Code     6  tasks.o(i.xTaskGetTickCount)
    xTaskGetTickCountFromISR                 0x0801124d   Thumb Code    12  tasks.o(i.xTaskGetTickCountFromISR)
    xTaskIncrementTick                       0x0801125d   Thumb Code   194  tasks.o(i.xTaskIncrementTick)
    xTaskPriorityDisinherit                  0x08011329   Thumb Code   124  tasks.o(i.xTaskPriorityDisinherit)
    xTaskPriorityInherit                     0x080113ad   Thumb Code   114  tasks.o(i.xTaskPriorityInherit)
    xTaskRemoveFromEventList                 0x08011429   Thumb Code   104  tasks.o(i.xTaskRemoveFromEventList)
    xTaskResumeAll                           0x0801149d   Thumb Code   188  tasks.o(i.xTaskResumeAll)
    xTimerCreateTimerTask                    0x08011565   Thumb Code    82  timers.o(i.xTimerCreateTimerTask)
    xTimerGenericCommand                     0x080115c9   Thumb Code   102  timers.o(i.xTimerGenericCommand)
    defaultTask_attributes                   0x08011634   Data          36  main.o(.constdata)
    AHBPrescTable                            0x08011658   Data          16  system_stm32f7xx.o(.constdata)
    ethbroadcast                             0x08011668   Data           6  ethernet.o(.constdata)
    ethzero                                  0x0801166e   Data           6  ethernet.o(.constdata)
    netconn_aborted                          0x08011674   Data           1  api_msg.o(.constdata)
    netconn_reset                            0x08011675   Data           1  api_msg.o(.constdata)
    netconn_closed                           0x08011676   Data           1  api_msg.o(.constdata)
    memp_UDP_PCB                             0x08011678   Data          12  memp.o(.constdata)
    memp_TCP_PCB                             0x08011684   Data          12  memp.o(.constdata)
    memp_TCP_PCB_LISTEN                      0x08011690   Data          12  memp.o(.constdata)
    memp_TCP_SEG                             0x0801169c   Data          12  memp.o(.constdata)
    memp_REASSDATA                           0x080116a8   Data          12  memp.o(.constdata)
    memp_FRAG_PBUF                           0x080116b4   Data          12  memp.o(.constdata)
    memp_NETBUF                              0x080116c0   Data          12  memp.o(.constdata)
    memp_NETCONN                             0x080116cc   Data          12  memp.o(.constdata)
    memp_TCPIP_MSG_API                       0x080116d8   Data          12  memp.o(.constdata)
    memp_TCPIP_MSG_INPKT                     0x080116e4   Data          12  memp.o(.constdata)
    memp_SYS_TIMEOUT                         0x080116f0   Data          12  memp.o(.constdata)
    memp_PBUF                                0x080116fc   Data          12  memp.o(.constdata)
    memp_PBUF_POOL                           0x08011708   Data          12  memp.o(.constdata)
    memp_pools                               0x08011714   Data          52  memp.o(.constdata)
    tcp_pcb_lists                            0x0801178c   Data          16  tcp.o(.constdata)
    lwip_cyclic_timers                       0x0801179c   Data          24  timeouts.o(.constdata)
    ip_addr_any                              0x080117b4   Data           4  ip4_addr.o(.constdata)
    __ctype_table                            0x080117b8   Data         129  ctype_o.o(.constdata)
    Region$$Table$$Base                      0x08011960   Number         0  anon$$obj.o(Region$$Table)
    Region$$Table$$Limit                     0x08011980   Number         0  anon$$obj.o(Region$$Table)
    defaultTaskHandle                        0x20000000   Data           4  main.o(.data)
    ipaddr                                   0x20000004   Data           4  lwip.o(.data)
    netmask                                  0x20000008   Data           4  lwip.o(.data)
    gw                                       0x2000000c   Data           4  lwip.o(.data)
    IP_ADDRESS                               0x20000010   Data           4  lwip.o(.data)
    NETMASK_ADDRESS                          0x20000014   Data           4  lwip.o(.data)
    GATEWAY_ADDRESS                          0x20000018   Data           4  lwip.o(.data)
    s_xSemaphore                             0x2000001c   Data           4  ethernetif.o(.data)
    uwTickFreq                               0x20000020   Data           1  stm32f7xx_hal.o(.data)
    uwTickPrio                               0x20000024   Data           4  stm32f7xx_hal.o(.data)
    uwTick                                   0x20000028   Data           4  stm32f7xx_hal.o(.data)
    SystemCoreClock                          0x2000002c   Data           4  system_stm32f7xx.o(.data)
    pxCurrentTCB                             0x20000030   Data           4  tasks.o(.data)
    lock_tcpip_core                          0x200000b4   Data           4  tcpip.o(.data)
    netif_list                               0x20000100   Data           4  netif.o(.data)
    netif_default                            0x20000104   Data           4  netif.o(.data)
    pbuf_free_ooseq_pending                  0x20000108   Data           1  pbuf.o(.data)
    tcp_active_pcbs_changed                  0x2000010c   Data           1  tcp.o(.data)
    tcp_ticks                                0x20000118   Data           4  tcp.o(.data)
    tcp_bound_pcbs                           0x2000011c   Data           4  tcp.o(.data)
    tcp_listen_pcbs                          0x20000120   Data           4  tcp.o(.data)
    tcp_active_pcbs                          0x20000124   Data           4  tcp.o(.data)
    tcp_tw_pcbs                              0x20000128   Data           4  tcp.o(.data)
    tcp_input_pcb                            0x2000014c   Data           4  tcp_in.o(.data)
    udp_pcbs                                 0x20000160   Data           4  udp.o(.data)
    lwip_sys_mutex                           0x20000170   Data           4  sys_arch.o(.data)
    __stdout                                 0x20000174   Data           4  stdout.o(.data)
    __stderr                                 0x20000178   Data           4  stderr.o(.data)
    buffer                                   0x20000180   Data        1024  main.o(.bss)
    gnetif                                   0x20000580   Data          48  lwip.o(.bss)
    DMARxDscrTab                             0x200005b0   Data         128  ethernetif.o(.bss)
    DMATxDscrTab                             0x20000630   Data         128  ethernetif.o(.bss)
    Rx_Buff                                  0x200006b0   Data        6096  ethernetif.o(.bss)
    Tx_Buff                                  0x20001e80   Data        6096  ethernetif.o(.bss)
    heth                                     0x20003650   Data          72  ethernetif.o(.bss)
    xQueueRegistry                           0x20003698   Data          64  queue.o(.bss)
    ip_data                                  0x20007f6c   Data          24  ip.o(.bss)
    ram_heap                                 0x20007f84   Data        1619  mem.o(.bss)
    memp_memory_UDP_PCB_base                 0x200085d7   Data         131  memp.o(.bss)
    memp_memory_TCP_PCB_base                 0x2000865a   Data         783  memp.o(.bss)
    memp_memory_TCP_PCB_LISTEN_base          0x20008969   Data         227  memp.o(.bss)
    memp_memory_TCP_SEG_base                 0x20008a4c   Data         259  memp.o(.bss)
    memp_memory_REASSDATA_base               0x20008b4f   Data         163  memp.o(.bss)
    memp_memory_FRAG_PBUF_base               0x20008bf2   Data         363  memp.o(.bss)
    memp_memory_NETBUF_base                  0x20008d5d   Data          35  memp.o(.bss)
    memp_memory_NETCONN_base                 0x20008d80   Data         163  memp.o(.bss)
    memp_memory_TCPIP_MSG_API_base           0x20008e23   Data         131  memp.o(.bss)
    memp_memory_TCPIP_MSG_INPKT_base         0x20008ea6   Data         131  memp.o(.bss)
    memp_memory_SYS_TIMEOUT_base             0x20008f29   Data          51  memp.o(.bss)
    memp_memory_PBUF_base                    0x20008f5c   Data         259  memp.o(.bss)
    memp_memory_PBUF_POOL_base               0x2000905f   Data        9731  memp.o(.bss)
    __initial_sp                             0x2000f778   Data           0  startup_stm32f746xx.o(STACK)



==============================================================================

Memory Map of the image

  Image Entry point : 0x080001c9

  Load Region LR_IROM1 (Base: 0x08000000, Size: 0x00011b00, Max: 0x00100000, ABSOLUTE, COMPRESSED[0x00011998])

    Execution Region ER_IROM1 (Exec base: 0x08000000, Load base: 0x08000000, Size: 0x00011980, Max: 0x00100000, ABSOLUTE)

    Exec Addr    Load Addr    Size         Type   Attr      Idx    E Section Name        Object

    0x08000000   0x08000000   0x000001c8   Data   RO            3    RESET               startup_stm32f746xx.o
    0x080001c8   0x080001c8   0x00000000   Code   RO         8757  * .ARM.Collect$$$$00000000  mc_w.l(entry.o)
    0x080001c8   0x080001c8   0x00000004   Code   RO         9081    .ARM.Collect$$$$00000001  mc_w.l(entry2.o)
    0x080001cc   0x080001cc   0x00000004   Code   RO         9084    .ARM.Collect$$$$00000004  mc_w.l(entry5.o)
    0x080001d0   0x080001d0   0x00000000   Code   RO         9086    .ARM.Collect$$$$00000008  mc_w.l(entry7b.o)
    0x080001d0   0x080001d0   0x00000000   Code   RO         9088    .ARM.Collect$$$$0000000A  mc_w.l(entry8b.o)
    0x080001d0   0x080001d0   0x00000008   Code   RO         9089    .ARM.Collect$$$$0000000B  mc_w.l(entry9a.o)
    0x080001d8   0x080001d8   0x00000000   Code   RO         9091    .ARM.Collect$$$$0000000D  mc_w.l(entry10a.o)
    0x080001d8   0x080001d8   0x00000000   Code   RO         9093    .ARM.Collect$$$$0000000F  mc_w.l(entry11a.o)
    0x080001d8   0x080001d8   0x00000004   Code   RO         9082    .ARM.Collect$$$$00002712  mc_w.l(entry2.o)
    0x080001dc   0x080001dc   0x000000c2   Code   RO         4072    .emb_text           port.o
    0x0800029e   0x0800029e   0x00000002   PAD
    0x080002a0   0x080002a0   0x00000024   Code   RO            4    .text               startup_stm32f746xx.o
    0x080002c4   0x080002c4   0x00000062   Code   RO         8767    .text               mc_w.l(uldiv.o)
    0x08000326   0x08000326   0x00000002   PAD
    0x08000328   0x08000328   0x00000008   Code   RO         8769    .text               mc_w.l(ctype_o.o)
    0x08000330   0x08000330   0x00000024   Code   RO         8797    .text               mc_w.l(rand.o)
    0x08000354   0x08000354   0x00000040   Code   RO         8802    .text               mc_w.l(memmovea.o)
    0x08000394   0x08000394   0x00000024   Code   RO         8806    .text               mc_w.l(memseta.o)
    0x080003b8   0x080003b8   0x0000001a   Code   RO         8810    .text               mc_w.l(memcmp.o)
    0x080003d2   0x080003d2   0x0000002c   Code   RO         9095    .text               mc_w.l(uidiv.o)
    0x080003fe   0x080003fe   0x0000001e   Code   RO         9097    .text               mc_w.l(llshl.o)
    0x0800041c   0x0800041c   0x00000020   Code   RO         9099    .text               mc_w.l(llushr.o)
    0x0800043c   0x0800043c   0x00000024   Code   RO         9121    .text               mc_w.l(init.o)
    0x08000460   0x08000460   0x00000056   Code   RO         9139    .text               mc_w.l(__dczerorl2.o)
    0x080004b6   0x080004b6   0x00000002   Code   RO          522    i.BusFault_Handler  stm32f7xx_it.o
    0x080004b8   0x080004b8   0x00000002   Code   RO          523    i.DebugMon_Handler  stm32f7xx_it.o
    0x080004ba   0x080004ba   0x0000002e   Code   RO          616    i.ETH_FlushTransmitFIFO  stm32f7xx_hal_eth.o
    0x080004e8   0x080004e8   0x0000000c   Code   RO          524    i.ETH_IRQHandler    stm32f7xx_it.o
    0x080004f4   0x080004f4   0x00000124   Code   RO          617    i.ETH_MACDMAConfig  stm32f7xx_hal_eth.o
    0x08000618   0x08000618   0x00000024   Code   RO         1679    i.HAL_Delay         stm32f7xx_hal.o
    0x0800063c   0x0800063c   0x00000074   Code   RO          620    i.HAL_ETH_DMARxDescListInit  stm32f7xx_hal_eth.o
    0x080006b0   0x080006b0   0x00000084   Code   RO          621    i.HAL_ETH_DMATxDescListInit  stm32f7xx_hal_eth.o
    0x08000734   0x08000734   0x00000002   Code   RO          623    i.HAL_ETH_ErrorCallback  stm32f7xx_hal_eth.o
    0x08000736   0x08000736   0x0000008c   Code   RO          625    i.HAL_ETH_GetReceivedFrame_IT  stm32f7xx_hal_eth.o
    0x080007c2   0x080007c2   0x00000076   Code   RO          627    i.HAL_ETH_IRQHandler  stm32f7xx_hal_eth.o
    0x08000838   0x08000838   0x000001f0   Code   RO          628    i.HAL_ETH_Init      stm32f7xx_hal_eth.o
    0x08000a28   0x08000a28   0x000000f8   Code   RO          412    i.HAL_ETH_MspInit   ethernetif.o
    0x08000b20   0x08000b20   0x00000086   Code   RO          631    i.HAL_ETH_ReadPHYRegister  stm32f7xx_hal_eth.o
    0x08000ba6   0x08000ba6   0x00000002   PAD
    0x08000ba8   0x08000ba8   0x0000000c   Code   RO          413    i.HAL_ETH_RxCpltCallback  ethernetif.o
    0x08000bb4   0x08000bb4   0x00000084   Code   RO          633    i.HAL_ETH_Start     stm32f7xx_hal_eth.o
    0x08000c38   0x08000c38   0x00000112   Code   RO          635    i.HAL_ETH_TransmitFrame  stm32f7xx_hal_eth.o
    0x08000d4a   0x08000d4a   0x00000002   Code   RO          636    i.HAL_ETH_TxCpltCallback  stm32f7xx_hal_eth.o
    0x08000d4c   0x08000d4c   0x0000007a   Code   RO          637    i.HAL_ETH_WritePHYRegister  stm32f7xx_hal_eth.o
    0x08000dc6   0x08000dc6   0x00000002   PAD
    0x08000dc8   0x08000dc8   0x000001d8   Code   RO         1111    i.HAL_GPIO_Init     stm32f7xx_hal_gpio.o
    0x08000fa0   0x08000fa0   0x0000000c   Code   RO         1687    i.HAL_GetTick       stm32f7xx_hal.o
    0x08000fac   0x08000fac   0x00000010   Code   RO         1693    i.HAL_IncTick       stm32f7xx_hal.o
    0x08000fbc   0x08000fbc   0x00000016   Code   RO         1694    i.HAL_Init          stm32f7xx_hal.o
    0x08000fd2   0x08000fd2   0x00000002   PAD
    0x08000fd4   0x08000fd4   0x00000040   Code   RO         1695    i.HAL_InitTick      stm32f7xx_hal.o
    0x08001014   0x08001014   0x00000038   Code   RO          592    i.HAL_MspInit       stm32f7xx_hal_msp.o
    0x0800104c   0x0800104c   0x0000001a   Code   RO         1542    i.HAL_NVIC_EnableIRQ  stm32f7xx_hal_cortex.o
    0x08001066   0x08001066   0x00000002   PAD
    0x08001068   0x08001068   0x00000040   Code   RO         1548    i.HAL_NVIC_SetPriority  stm32f7xx_hal_cortex.o
    0x080010a8   0x080010a8   0x00000024   Code   RO         1549    i.HAL_NVIC_SetPriorityGrouping  stm32f7xx_hal_cortex.o
    0x080010cc   0x080010cc   0x0000006c   Code   RO         1451    i.HAL_PWREx_EnableOverDrive  stm32f7xx_hal_pwr_ex.o
    0x08001138   0x08001138   0x00000130   Code   RO          765    i.HAL_RCC_ClockConfig  stm32f7xx_hal_rcc.o
    0x08001268   0x08001268   0x0000000c   Code   RO          770    i.HAL_RCC_GetHCLKFreq  stm32f7xx_hal_rcc.o
    0x08001274   0x08001274   0x00000060   Code   RO          774    i.HAL_RCC_GetSysClockFreq  stm32f7xx_hal_rcc.o
    0x080012d4   0x080012d4   0x00000384   Code   RO          777    i.HAL_RCC_OscConfig  stm32f7xx_hal_rcc.o
    0x08001658   0x08001658   0x00000026   Code   RO         1553    i.HAL_SYSTICK_Config  stm32f7xx_hal_cortex.o
    0x0800167e   0x0800167e   0x00000002   Code   RO          525    i.HardFault_Handler  stm32f7xx_it.o
    0x08001680   0x08001680   0x00000024   Code   RO         8691    i.ITM_SendChar      retarget_io.o
    0x080016a4   0x080016a4   0x0000005c   Code   RO           14    i.MX_GPIO_Init      main.o
    0x08001700   0x08001700   0x000000fc   Code   RO          350    i.MX_LWIP_Init      lwip.o
    0x080017fc   0x080017fc   0x00000002   Code   RO          526    i.MemManage_Handler  stm32f7xx_it.o
    0x080017fe   0x080017fe   0x00000002   Code   RO          527    i.NMI_Handler       stm32f7xx_it.o
    0x08001800   0x08001800   0x000001dc   Code   RO           15    i.StartDefaultTask  main.o
    0x080019dc   0x080019dc   0x00000018   Code   RO          528    i.SysTick_Handler   stm32f7xx_it.o
    0x080019f4   0x080019f4   0x00000088   Code   RO           16    i.SystemClock_Config  main.o
    0x08001a7c   0x08001a7c   0x0000001c   Code   RO         2466    i.SystemInit        system_stm32f7xx.o
    0x08001a98   0x08001a98   0x00000002   Code   RO          529    i.UsageFault_Handler  stm32f7xx_it.o
    0x08001a9a   0x08001a9a   0x00000002   PAD
    0x08001a9c   0x08001a9c   0x00000020   Code   RO         8973    i.__0printf$6       mc_w.l(printf6.o)
    0x08001abc   0x08001abc   0x00000028   Code   RO         8975    i.__0sprintf$6      mc_w.l(printf6.o)
    0x08001ae4   0x08001ae4   0x00000022   Code   RO         1555    i.__NVIC_SetPriority  stm32f7xx_hal_cortex.o
    0x08001b06   0x08001b06   0x0000000e   Code   RO         9133    i.__scatterload_copy  mc_w.l(handlers.o)
    0x08001b14   0x08001b14   0x00000002   Code   RO         9134    i.__scatterload_null  mc_w.l(handlers.o)
    0x08001b16   0x08001b16   0x0000000e   Code   RO         9135    i.__scatterload_zeroinit  mc_w.l(handlers.o)
    0x08001b24   0x08001b24   0x000002f0   Code   RO         8980    i._printf_core      mc_w.l(printf6.o)
    0x08001e14   0x08001e14   0x00000024   Code   RO         8981    i._printf_post_padding  mc_w.l(printf6.o)
    0x08001e38   0x08001e38   0x0000002e   Code   RO         8982    i._printf_pre_padding  mc_w.l(printf6.o)
    0x08001e66   0x08001e66   0x0000000a   Code   RO         8984    i._sputc            mc_w.l(printf6.o)
    0x08001e70   0x08001e70   0x000000a8   Code   RO         6322    i.do_memp_free_pool  memp.o
    0x08001f18   0x08001f18   0x000000b8   Code   RO         6323    i.do_memp_malloc_pool  memp.o
    0x08001fd0   0x08001fd0   0x000001c8   Code   RO         5121    i.err_tcp           api_msg.o
    0x08002198   0x08002198   0x0000002c   Code   RO         7746    i.etharp_cleanup_netif  etharp.o
    0x080021c4   0x080021c4   0x0000025c   Code   RO         7748    i.etharp_find_entry  etharp.o
    0x08002420   0x08002420   0x00000024   Code   RO         7749    i.etharp_free_entry  etharp.o
    0x08002444   0x08002444   0x00000104   Code   RO         7751    i.etharp_input      etharp.o
    0x08002548   0x08002548   0x000001b0   Code   RO         7752    i.etharp_output     etharp.o
    0x080026f8   0x080026f8   0x00000110   Code   RO         7753    i.etharp_output_to_arp_index  etharp.o
    0x08002808   0x08002808   0x000001e8   Code   RO         7754    i.etharp_query      etharp.o
    0x080029f0   0x080029f0   0x00000174   Code   RO         7755    i.etharp_raw        etharp.o
    0x08002b64   0x08002b64   0x0000000c   Code   RO         7756    i.etharp_request    etharp.o
    0x08002b70   0x08002b70   0x00000020   Code   RO         7757    i.etharp_request_dst  etharp.o
    0x08002b90   0x08002b90   0x00000060   Code   RO         7758    i.etharp_tmr        etharp.o
    0x08002bf0   0x08002bf0   0x0000011c   Code   RO         7759    i.etharp_update_arp_entry  etharp.o
    0x08002d0c   0x08002d0c   0x000000a4   Code   RO         4678    i.ethernet_input    ethernet.o
    0x08002db0   0x08002db0   0x000000f8   Code   RO         4679    i.ethernet_output   ethernet.o
    0x08002ea8   0x08002ea8   0x00000088   Code   RO          414    i.ethernetif_init   ethernetif.o
    0x08002f30   0x08002f30   0x0000004c   Code   RO          415    i.ethernetif_input  ethernetif.o
    0x08002f7c   0x08002f7c   0x00000020   Code   RO         8696    i.fputc             retarget_io.o
    0x08002f9c   0x08002f9c   0x00000008   Code   RO         7849    i.icmp_dest_unreach  icmp.o
    0x08002fa4   0x08002fa4   0x000001ec   Code   RO         7850    i.icmp_input        icmp.o
    0x08003190   0x08003190   0x00000110   Code   RO         7851    i.icmp_send_response  icmp.o
    0x080032a0   0x080032a0   0x00000008   Code   RO         7852    i.icmp_time_exceeded  icmp.o
    0x080032a8   0x080032a8   0x0000002e   Code   RO         7966    i.ip4_addr_isbroadcast_u32  ip4_addr.o
    0x080032d6   0x080032d6   0x00000002   PAD
    0x080032d8   0x080032d8   0x00000268   Code   RO         8035    i.ip4_frag          ip4_frag.o
    0x08003540   0x08003540   0x00000174   Code   RO         7911    i.ip4_input         ip4.o
    0x080036b4   0x080036b4   0x0000002c   Code   RO         7912    i.ip4_input_accept  ip4.o
    0x080036e0   0x080036e0   0x0000001e   Code   RO         7914    i.ip4_output_if     ip4.o
    0x080036fe   0x080036fe   0x00000002   PAD
    0x08003700   0x08003700   0x00000178   Code   RO         7915    i.ip4_output_if_src  ip4.o
    0x08003878   0x08003878   0x00000288   Code   RO         8036    i.ip4_reass         ip4_frag.o
    0x08003b00   0x08003b00   0x00000060   Code   RO         7916    i.ip4_route         ip4.o
    0x08003b60   0x08003b60   0x00000198   Code   RO         7968    i.ip4addr_aton      ip4_addr.o
    0x08003cf8   0x08003cf8   0x0000000c   Code   RO         7969    i.ip4addr_ntoa      ip4_addr.o
    0x08003d04   0x08003d04   0x0000007c   Code   RO         7970    i.ip4addr_ntoa_r    ip4_addr.o
    0x08003d80   0x08003d80   0x00000090   Code   RO         8037    i.ip_frag_free_pbuf_custom_ref  ip4_frag.o
    0x08003e10   0x08003e10   0x00000248   Code   RO         8038    i.ip_reass_chain_frag_into_datagram_and_validate  ip4_frag.o
    0x08004058   0x08004058   0x000000bc   Code   RO         8039    i.ip_reass_dequeue_datagram  ip4_frag.o
    0x08004114   0x08004114   0x00000198   Code   RO         8040    i.ip_reass_free_complete_datagram  ip4_frag.o
    0x080042ac   0x080042ac   0x00000080   Code   RO         8041    i.ip_reass_remove_oldest_datagram  ip4_frag.o
    0x0800432c   0x0800432c   0x0000002c   Code   RO         8042    i.ip_reass_tmr      ip4_frag.o
    0x08004358   0x08004358   0x00000098   Code   RO         8043    i.ipfrag_free_pbuf_custom  ip4_frag.o
    0x080043f0   0x080043f0   0x00000134   Code   RO          416    i.low_level_init    ethernetif.o
    0x08004524   0x08004524   0x000000c8   Code   RO          417    i.low_level_input   ethernetif.o
    0x080045ec   0x080045ec   0x000000b0   Code   RO          418    i.low_level_output  ethernetif.o
    0x0800469c   0x0800469c   0x0000003c   Code   RO         7496    i.lwip_cyclic_timer  timeouts.o
    0x080046d8   0x080046d8   0x00000004   Code   RO         6029    i.lwip_htonl        def.o
    0x080046dc   0x080046dc   0x00000004   Code   RO         6030    i.lwip_htons        def.o
    0x080046e0   0x080046e0   0x00000022   Code   RO         6174    i.lwip_init         init.o
    0x08004702   0x08004702   0x00000036   Code   RO         5122    i.lwip_netconn_do_bind  api_msg.o
    0x08004738   0x08004738   0x00000138   Code   RO         5124    i.lwip_netconn_do_close  api_msg.o
    0x08004870   0x08004870   0x000002c4   Code   RO         5125    i.lwip_netconn_do_close_internal  api_msg.o
    0x08004b34   0x08004b34   0x00000164   Code   RO         5126    i.lwip_netconn_do_connect  api_msg.o
    0x08004c98   0x08004c98   0x00000180   Code   RO         5127    i.lwip_netconn_do_connected  api_msg.o
    0x08004e18   0x08004e18   0x00000198   Code   RO         5128    i.lwip_netconn_do_delconn  api_msg.o
    0x08004fb0   0x08004fb0   0x00000012   Code   RO         5132    i.lwip_netconn_do_newconn  api_msg.o
    0x08004fc2   0x08004fc2   0x00000042   Code   RO         5133    i.lwip_netconn_do_recv  api_msg.o
    0x08005004   0x08005004   0x0000014c   Code   RO         5135    i.lwip_netconn_do_write  api_msg.o
    0x08005150   0x08005150   0x00000388   Code   RO         5136    i.lwip_netconn_do_writemore  api_msg.o
    0x080054d8   0x080054d8   0x000000a8   Code   RO         5137    i.lwip_netconn_err_to_msg  api_msg.o
    0x08005580   0x08005580   0x000000ac   Code   RO         5138    i.lwip_netconn_is_err_msg  api_msg.o
    0x0800562c   0x0800562c   0x00000030   Code   RO           17    i.main              main.o
    0x0800565c   0x0800565c   0x000001c8   Code   RO         6246    i.mem_free          mem.o
    0x08005824   0x08005824   0x000000c8   Code   RO         6247    i.mem_init          mem.o
    0x080058ec   0x080058ec   0x0000024c   Code   RO         6248    i.mem_malloc        mem.o
    0x08005b38   0x08005b38   0x00000010   Code   RO         6249    i.mem_to_ptr        mem.o
    0x08005b48   0x08005b48   0x000001e4   Code   RO         6250    i.mem_trim          mem.o
    0x08005d2c   0x08005d2c   0x0000009c   Code   RO         6324    i.memp_free         memp.o
    0x08005dc8   0x08005dc8   0x00000020   Code   RO         6326    i.memp_init         memp.o
    0x08005de8   0x08005de8   0x0000002a   Code   RO         6327    i.memp_init_pool    memp.o
    0x08005e12   0x08005e12   0x00000002   PAD
    0x08005e14   0x08005e14   0x000000a4   Code   RO         6328    i.memp_malloc       memp.o
    0x08005eb8   0x08005eb8   0x00000022   Code   RO         5417    i.netbuf_delete     netbuf.o
    0x08005eda   0x08005eda   0x00000002   PAD
    0x08005edc   0x08005edc   0x00000104   Code   RO         5139    i.netconn_alloc     api_msg.o
    0x08005fe0   0x08005fe0   0x00000016   Code   RO         4889    i.netconn_apimsg    api_lib.o
    0x08005ff6   0x08005ff6   0x00000002   PAD
    0x08005ff8   0x08005ff8   0x000000b8   Code   RO         4890    i.netconn_bind      api_lib.o
    0x080060b0   0x080060b0   0x00000006   Code   RO         4892    i.netconn_close     api_lib.o
    0x080060b6   0x080060b6   0x00000002   PAD
    0x080060b8   0x080060b8   0x000000b0   Code   RO         4893    i.netconn_close_shutdown  api_lib.o
    0x08006168   0x08006168   0x000000bc   Code   RO         4894    i.netconn_connect   api_lib.o
    0x08006224   0x08006224   0x0000001e   Code   RO         4895    i.netconn_delete    api_lib.o
    0x08006242   0x08006242   0x0000009c   Code   RO         5140    i.netconn_drain     api_msg.o
    0x080062de   0x080062de   0x0000001e   Code   RO         4897    i.netconn_err       api_lib.o
    0x080062fc   0x080062fc   0x0000016c   Code   RO         5141    i.netconn_free      api_msg.o
    0x08006468   0x08006468   0x00000178   Code   RO         4900    i.netconn_new_with_proto_and_callback  api_lib.o
    0x080065e0   0x080065e0   0x00000020   Code   RO         4901    i.netconn_prepare_delete  api_lib.o
    0x08006600   0x08006600   0x0000013c   Code   RO         4902    i.netconn_recv      api_lib.o
    0x0800673c   0x0800673c   0x0000018c   Code   RO         4903    i.netconn_recv_data  api_lib.o
    0x080068c8   0x080068c8   0x00000092   Code   RO         4904    i.netconn_recv_data_tcp  api_lib.o
    0x0800695a   0x0800695a   0x00000002   PAD
    0x0800695c   0x0800695c   0x000000b8   Code   RO         4913    i.netconn_tcp_recvd_msg  api_lib.o
    0x08006a14   0x08006a14   0x00000014   Code   RO         4914    i.netconn_write_partly  api_lib.o
    0x08006a28   0x08006a28   0x0000018c   Code   RO         4915    i.netconn_write_vectors_partly  api_lib.o
    0x08006bb4   0x08006bb4   0x000001dc   Code   RO         6468    i.netif_add         netif.o
    0x08006d90   0x08006d90   0x00000016   Code   RO         6470    i.netif_do_ip_addr_changed  netif.o
    0x08006da6   0x08006da6   0x00000016   Code   RO         6471    i.netif_do_set_gw   netif.o
    0x08006dbc   0x08006dbc   0x000000c4   Code   RO         6472    i.netif_do_set_ipaddr  netif.o
    0x08006e80   0x08006e80   0x00000016   Code   RO         6473    i.netif_do_set_netmask  netif.o
    0x08006e96   0x08006e96   0x00000002   PAD
    0x08006e98   0x08006e98   0x00000028   Code   RO         6475    i.netif_get_by_index  netif.o
    0x08006ec0   0x08006ec0   0x00000002   Code   RO         6477    i.netif_init        netif.o
    0x08006ec2   0x08006ec2   0x00000002   PAD
    0x08006ec4   0x08006ec4   0x000000c0   Code   RO         6479    i.netif_issue_reports  netif.o
    0x08006f84   0x08006f84   0x00000006   Code   RO         6481    i.netif_null_output_ip4  netif.o
    0x08006f8a   0x08006f8a   0x00000002   PAD
    0x08006f8c   0x08006f8c   0x00000060   Code   RO         6483    i.netif_set_addr    netif.o
    0x08006fec   0x08006fec   0x0000000c   Code   RO         6484    i.netif_set_default  netif.o
    0x08006ff8   0x08006ff8   0x000000a8   Code   RO         6485    i.netif_set_down    netif.o
    0x080070a0   0x080070a0   0x000000a0   Code   RO         6491    i.netif_set_up      netif.o
    0x08007140   0x08007140   0x00000034   Code   RO         3593    i.osDelay           cmsis_os2.o
    0x08007174   0x08007174   0x00000028   Code   RO         3605    i.osKernelGetTickCount  cmsis_os2.o
    0x0800719c   0x0800719c   0x00000038   Code   RO         3607    i.osKernelInitialize  cmsis_os2.o
    0x080071d4   0x080071d4   0x00000040   Code   RO         3610    i.osKernelStart     cmsis_os2.o
    0x08007214   0x08007214   0x00000044   Code   RO         3612    i.osMessageQueueDelete  cmsis_os2.o
    0x08007258   0x08007258   0x00000080   Code   RO         3613    i.osMessageQueueGet  cmsis_os2.o
    0x080072d8   0x080072d8   0x0000002c   Code   RO         3615    i.osMessageQueueGetCount  cmsis_os2.o
    0x08007304   0x08007304   0x00000074   Code   RO         3618    i.osMessageQueueNew  cmsis_os2.o
    0x08007378   0x08007378   0x00000084   Code   RO         3619    i.osMessageQueuePut  cmsis_os2.o
    0x080073fc   0x080073fc   0x0000006c   Code   RO         3621    i.osMutexAcquire    cmsis_os2.o
    0x08007468   0x08007468   0x00000080   Code   RO         3624    i.osMutexNew        cmsis_os2.o
    0x080074e8   0x080074e8   0x0000005c   Code   RO         3625    i.osMutexRelease    cmsis_os2.o
    0x08007544   0x08007544   0x0000007c   Code   RO         3626    i.osSemaphoreAcquire  cmsis_os2.o
    0x080075c0   0x080075c0   0x00000044   Code   RO         3627    i.osSemaphoreDelete  cmsis_os2.o
    0x08007604   0x08007604   0x000000b0   Code   RO         3629    i.osSemaphoreNew    cmsis_os2.o
    0x080076b4   0x080076b4   0x00000074   Code   RO         3630    i.osSemaphoreRelease  cmsis_os2.o
    0x08007728   0x08007728   0x000000a8   Code   RO         3643    i.osThreadNew       cmsis_os2.o
    0x080077d0   0x080077d0   0x00000006   Code   RO         6650    i.pbuf_add_header   pbuf.o
    0x080077d6   0x080077d6   0x00000002   PAD
    0x080077d8   0x080077d8   0x000000c0   Code   RO         6652    i.pbuf_add_header_impl  pbuf.o
    0x08007898   0x08007898   0x0000025c   Code   RO         6653    i.pbuf_alloc        pbuf.o
    0x08007af4   0x08007af4   0x000000b0   Code   RO         6654    i.pbuf_alloc_reference  pbuf.o
    0x08007ba4   0x08007ba4   0x00000036   Code   RO         6655    i.pbuf_alloced_custom  pbuf.o
    0x08007bda   0x08007bda   0x00000002   PAD
    0x08007bdc   0x08007bdc   0x00000130   Code   RO         6656    i.pbuf_cat          pbuf.o
    0x08007d0c   0x08007d0c   0x00000012   Code   RO         6658    i.pbuf_clen         pbuf.o
    0x08007d1e   0x08007d1e   0x00000002   PAD
    0x08007d20   0x08007d20   0x0000009c   Code   RO         6659    i.pbuf_clone        pbuf.o
    0x08007dbc   0x08007dbc   0x000001e0   Code   RO         6661    i.pbuf_copy         pbuf.o
    0x08007f9c   0x08007f9c   0x0000011c   Code   RO         6662    i.pbuf_copy_partial  pbuf.o
    0x080080b8   0x080080b8   0x00000168   Code   RO         6664    i.pbuf_free         pbuf.o
    0x08008220   0x08008220   0x00000034   Code   RO         6666    i.pbuf_free_ooseq_callback  pbuf.o
    0x08008254   0x08008254   0x00000006   Code   RO         6670    i.pbuf_header_force  pbuf.o
    0x0800825a   0x0800825a   0x0000000e   Code   RO         6671    i.pbuf_header_impl  pbuf.o
    0x08008268   0x08008268   0x0000001c   Code   RO         6672    i.pbuf_init_alloced_pbuf  pbuf.o
    0x08008284   0x08008284   0x00000134   Code   RO         6676    i.pbuf_realloc      pbuf.o
    0x080083b8   0x080083b8   0x0000009c   Code   RO         6677    i.pbuf_ref          pbuf.o
    0x08008454   0x08008454   0x000000d0   Code   RO         6678    i.pbuf_remove_header  pbuf.o
    0x08008524   0x08008524   0x000000f8   Code   RO         5142    i.pcb_new           api_msg.o
    0x0800861c   0x0800861c   0x000001a0   Code   RO         6251    i.plug_holes        mem.o
    0x080087bc   0x080087bc   0x000000dc   Code   RO         5143    i.poll_tcp          api_msg.o
    0x08008898   0x08008898   0x0000005c   Code   RO         3074    i.prvAddCurrentTaskToDelayedList  tasks.o
    0x080088f4   0x080088f4   0x000000d0   Code   RO         3075    i.prvAddNewTaskToReadyList  tasks.o
    0x080089c4   0x080089c4   0x00000058   Code   RO         3427    i.prvCheckForValidListAndQueue  timers.o
    0x08008a1c   0x08008a1c   0x00000026   Code   RO         2671    i.prvCopyDataFromQueue  queue.o
    0x08008a42   0x08008a42   0x0000006c   Code   RO         2672    i.prvCopyDataToQueue  queue.o
    0x08008aae   0x08008aae   0x00000038   Code   RO         3076    i.prvDeleteTCB      tasks.o
    0x08008ae6   0x08008ae6   0x00000002   PAD
    0x08008ae8   0x08008ae8   0x00000050   Code   RO         4023    i.prvHeapInit       heap_4.o
    0x08008b38   0x08008b38   0x00000060   Code   RO         3077    i.prvIdleTask       tasks.o
    0x08008b98   0x08008b98   0x00000016   Code   RO         2673    i.prvInitialiseMutex  queue.o
    0x08008bae   0x08008bae   0x00000002   PAD
    0x08008bb0   0x08008bb0   0x00000022   Code   RO         2674    i.prvInitialiseNewQueue  queue.o
    0x08008bd2   0x08008bd2   0x000000b4   Code   RO         3078    i.prvInitialiseNewTask  tasks.o
    0x08008c86   0x08008c86   0x00000002   PAD
    0x08008c88   0x08008c88   0x0000004c   Code   RO         4024    i.prvInsertBlockIntoFreeList  heap_4.o
    0x08008cd4   0x08008cd4   0x0000003c   Code   RO         3429    i.prvInsertTimerInActiveList  timers.o
    0x08008d10   0x08008d10   0x0000001c   Code   RO         2675    i.prvIsQueueEmpty   queue.o
    0x08008d2c   0x08008d2c   0x00000100   Code   RO         3430    i.prvProcessReceivedCommands  timers.o
    0x08008e2c   0x08008e2c   0x000000c4   Code   RO         3431    i.prvProcessTimerOrBlockTask  timers.o
    0x08008ef0   0x08008ef0   0x00000020   Code   RO         3080    i.prvResetNextTaskUnblockTime  tasks.o
    0x08008f10   0x08008f10   0x00000028   Code   RO         3432    i.prvSampleTimeNow  timers.o
    0x08008f38   0x08008f38   0x00000070   Code   RO         3433    i.prvSwitchTimerLists  timers.o
    0x08008fa8   0x08008fa8   0x00000030   Code   RO         4073    i.prvTaskExitError  port.o
    0x08008fd8   0x08008fd8   0x00000024   Code   RO         3434    i.prvTimerTask      timers.o
    0x08008ffc   0x08008ffc   0x0000006a   Code   RO         2676    i.prvUnlockQueue    queue.o
    0x08009066   0x08009066   0x00000002   PAD
    0x08009068   0x08009068   0x0000000c   Code   RO         6252    i.ptr_to_mem        mem.o
    0x08009074   0x08009074   0x000000e4   Code   RO         4025    i.pvPortMalloc      heap_4.o
    0x08009158   0x08009158   0x00000018   Code   RO         3083    i.pvTaskIncrementMutexHeldCount  tasks.o
    0x08009170   0x08009170   0x00000030   Code   RO         4074    i.pxPortInitialiseStack  port.o
    0x080091a0   0x080091a0   0x00000184   Code   RO         5144    i.recv_tcp          api_msg.o
    0x08009324   0x08009324   0x00000164   Code   RO         5145    i.recv_udp          api_msg.o
    0x08009488   0x08009488   0x000000d0   Code   RO         5146    i.sent_tcp          api_msg.o
    0x08009558   0x08009558   0x00000044   Code   RO         5147    i.setup_tcp         api_msg.o
    0x0800959c   0x0800959c   0x0000003e   Code   RO         8289    i.sys_arch_mbox_fetch  sys_arch.o
    0x080095da   0x080095da   0x00000016   Code   RO         8290    i.sys_arch_mbox_tryfetch  sys_arch.o
    0x080095f0   0x080095f0   0x00000018   Code   RO         8291    i.sys_arch_protect  sys_arch.o
    0x08009608   0x08009608   0x00000038   Code   RO         8292    i.sys_arch_sem_wait  sys_arch.o
    0x08009640   0x08009640   0x0000000c   Code   RO         8293    i.sys_arch_unprotect  sys_arch.o
    0x0800964c   0x0800964c   0x00000044   Code   RO         7497    i.sys_check_timeouts  timeouts.o
    0x08009690   0x08009690   0x00000014   Code   RO         8294    i.sys_init          sys_arch.o
    0x080096a4   0x080096a4   0x00000014   Code   RO         8295    i.sys_mbox_free     sys_arch.o
    0x080096b8   0x080096b8   0x0000001e   Code   RO         8296    i.sys_mbox_new      sys_arch.o
    0x080096d6   0x080096d6   0x00000006   Code   RO         8298    i.sys_mbox_set_invalid  sys_arch.o
    0x080096dc   0x080096dc   0x00000018   Code   RO         8299    i.sys_mbox_trypost  sys_arch.o
    0x080096f4   0x080096f4   0x0000000a   Code   RO         8301    i.sys_mbox_valid    sys_arch.o
    0x080096fe   0x080096fe   0x0000000a   Code   RO         8303    i.sys_mutex_lock    sys_arch.o
    0x08009708   0x08009708   0x00000018   Code   RO         8304    i.sys_mutex_new     sys_arch.o
    0x08009720   0x08009720   0x00000006   Code   RO         8305    i.sys_mutex_unlock  sys_arch.o
    0x08009726   0x08009726   0x00000004   Code   RO          420    i.sys_now           ethernetif.o
    0x0800972a   0x0800972a   0x00000006   Code   RO         8306    i.sys_sem_free      sys_arch.o
    0x08009730   0x08009730   0x00000028   Code   RO         8307    i.sys_sem_new       sys_arch.o
    0x08009758   0x08009758   0x00000006   Code   RO         8308    i.sys_sem_set_invalid  sys_arch.o
    0x0800975e   0x0800975e   0x00000006   Code   RO         8309    i.sys_sem_signal    sys_arch.o
    0x08009764   0x08009764   0x0000000a   Code   RO         8310    i.sys_sem_valid     sys_arch.o
    0x0800976e   0x0800976e   0x0000002e   Code   RO         8311    i.sys_thread_new    sys_arch.o
    0x0800979c   0x0800979c   0x000000c4   Code   RO         7499    i.sys_timeout       timeouts.o
    0x08009860   0x08009860   0x000000f8   Code   RO         7500    i.sys_timeout_abs   timeouts.o
    0x08009958   0x08009958   0x00000028   Code   RO         7501    i.sys_timeouts_init  timeouts.o
    0x08009980   0x08009980   0x00000028   Code   RO         7502    i.sys_timeouts_sleeptime  timeouts.o
    0x080099a8   0x080099a8   0x000001b0   Code   RO         6934    i.tcp_abandon       tcp.o
    0x08009b58   0x08009b58   0x00000006   Code   RO         6935    i.tcp_abort         tcp.o
    0x08009b5e   0x08009b5e   0x0000000e   Code   RO         6936    i.tcp_accept        tcp.o
    0x08009b6c   0x08009b6c   0x0000012c   Code   RO         6938    i.tcp_alloc         tcp.o
    0x08009c98   0x08009c98   0x00000008   Code   RO         6939    i.tcp_arg           tcp.o
    0x08009ca0   0x08009ca0   0x0000014c   Code   RO         6940    i.tcp_bind          tcp.o
    0x08009dec   0x08009dec   0x000000a0   Code   RO         6942    i.tcp_close         tcp.o
    0x08009e8c   0x08009e8c   0x000001dc   Code   RO         6943    i.tcp_close_shutdown  tcp.o
    0x0800a068   0x0800a068   0x000000c4   Code   RO         6944    i.tcp_close_shutdown_fin  tcp.o
    0x0800a12c   0x0800a12c   0x000001dc   Code   RO         6945    i.tcp_connect       tcp.o
    0x0800a308   0x0800a308   0x00000184   Code   RO         7336    i.tcp_create_segment  tcp_out.o
    0x0800a48c   0x0800a48c   0x000000b8   Code   RO         6947    i.tcp_eff_send_mss_netif  tcp.o
    0x0800a544   0x0800a544   0x00000238   Code   RO         7337    i.tcp_enqueue_flags  tcp_out.o
    0x0800a77c   0x0800a77c   0x000000a4   Code   RO         6948    i.tcp_err           tcp.o
    0x0800a820   0x0800a820   0x0000006c   Code   RO         6949    i.tcp_fasttmr       tcp.o
    0x0800a88c   0x0800a88c   0x00000090   Code   RO         6950    i.tcp_free          tcp.o
    0x0800a91c   0x0800a91c   0x00000140   Code   RO         7247    i.tcp_free_acked_segments  tcp_in.o
    0x0800aa5c   0x0800aa5c   0x00000014   Code   RO         6951    i.tcp_free_ooseq    tcp.o
    0x0800aa70   0x0800aa70   0x00000028   Code   RO         7248    i.tcp_get_next_optbyte  tcp_in.o
    0x0800aa98   0x0800aa98   0x00000018   Code   RO         6952    i.tcp_init          tcp.o
    0x0800aab0   0x0800aab0   0x00000650   Code   RO         7249    i.tcp_input         tcp_in.o
    0x0800b100   0x0800b100   0x000000d4   Code   RO         7250    i.tcp_input_delayed_close  tcp_in.o
    0x0800b1d4   0x0800b1d4   0x000000cc   Code   RO         7338    i.tcp_keepalive     tcp_out.o
    0x0800b2a0   0x0800b2a0   0x000000bc   Code   RO         6953    i.tcp_kill_state    tcp.o
    0x0800b35c   0x0800b35c   0x00000070   Code   RO         6954    i.tcp_listen_closed  tcp.o
    0x0800b3cc   0x0800b3cc   0x00000198   Code   RO         7251    i.tcp_listen_input  tcp_in.o
    0x0800b564   0x0800b564   0x0000004c   Code   RO         6957    i.tcp_netif_ip_addr_changed  tcp.o
    0x0800b5b0   0x0800b5b0   0x000000c0   Code   RO         6958    i.tcp_netif_ip_addr_changed_pcblist  tcp.o
    0x0800b670   0x0800b670   0x00000006   Code   RO         6960    i.tcp_new_ip_type   tcp.o
    0x0800b676   0x0800b676   0x00000002   PAD
    0x0800b678   0x0800b678   0x00000060   Code   RO         6961    i.tcp_new_port      tcp.o
    0x0800b6d8   0x0800b6d8   0x00000098   Code   RO         6962    i.tcp_next_iss      tcp.o
    0x0800b770   0x0800b770   0x00000110   Code   RO         7252    i.tcp_oos_insert_segment  tcp_in.o
    0x0800b880   0x0800b880   0x000002e0   Code   RO         7339    i.tcp_output        tcp_out.o
    0x0800bb60   0x0800bb60   0x000000cc   Code   RO         7340    i.tcp_output_alloc_header  tcp_out.o
    0x0800bc2c   0x0800bc2c   0x00000110   Code   RO         7341    i.tcp_output_alloc_header_common  tcp_out.o
    0x0800bd3c   0x0800bd3c   0x000000e0   Code   RO         7342    i.tcp_output_control_segment  tcp_out.o
    0x0800be1c   0x0800be1c   0x000000dc   Code   RO         7343    i.tcp_output_fill_options  tcp_out.o
    0x0800bef8   0x0800bef8   0x000001e4   Code   RO         7344    i.tcp_output_segment  tcp_out.o
    0x0800c0dc   0x0800c0dc   0x000000a8   Code   RO         7345    i.tcp_output_segment_busy  tcp_out.o
    0x0800c184   0x0800c184   0x000000fc   Code   RO         7253    i.tcp_parseopt      tcp_in.o
    0x0800c280   0x0800c280   0x00000150   Code   RO         7346    i.tcp_pbuf_prealloc  tcp_out.o
    0x0800c3d0   0x0800c3d0   0x000000cc   Code   RO         6963    i.tcp_pcb_purge     tcp.o
    0x0800c49c   0x0800c49c   0x00000190   Code   RO         6964    i.tcp_pcb_remove    tcp.o
    0x0800c62c   0x0800c62c   0x000000cc   Code   RO         6965    i.tcp_poll          tcp.o
    0x0800c6f8   0x0800c6f8   0x000004c6   Code   RO         7254    i.tcp_process       tcp_in.o
    0x0800cbbe   0x0800cbbe   0x00000002   PAD
    0x0800cbc0   0x0800cbc0   0x00000104   Code   RO         6966    i.tcp_process_refused_data  tcp.o
    0x0800ccc4   0x0800ccc4   0x00000928   Code   RO         7255    i.tcp_receive       tcp_in.o
    0x0800d5ec   0x0800d5ec   0x000000a4   Code   RO         6967    i.tcp_recv          tcp.o
    0x0800d690   0x0800d690   0x000000b0   Code   RO         6968    i.tcp_recv_null     tcp.o
    0x0800d740   0x0800d740   0x00000100   Code   RO         6969    i.tcp_recved        tcp.o
    0x0800d840   0x0800d840   0x00000058   Code   RO         6970    i.tcp_remove_listener  tcp.o
    0x0800d898   0x0800d898   0x000000ec   Code   RO         7347    i.tcp_rexmit        tcp_out.o
    0x0800d984   0x0800d984   0x000000e8   Code   RO         7348    i.tcp_rexmit_fast   tcp_out.o
    0x0800da6c   0x0800da6c   0x000000a4   Code   RO         7349    i.tcp_rexmit_rto    tcp_out.o
    0x0800db10   0x0800db10   0x000000ac   Code   RO         7350    i.tcp_rexmit_rto_commit  tcp_out.o
    0x0800dbbc   0x0800dbbc   0x000000f8   Code   RO         7351    i.tcp_rexmit_rto_prepare  tcp_out.o
    0x0800dcb4   0x0800dcb4   0x00000010   Code   RO         7352    i.tcp_route         tcp_out.o
    0x0800dcc4   0x0800dcc4   0x00000114   Code   RO         7353    i.tcp_rst           tcp_out.o
    0x0800ddd8   0x0800ddd8   0x000000ac   Code   RO         6971    i.tcp_seg_copy      tcp.o
    0x0800de84   0x0800de84   0x0000001c   Code   RO         6972    i.tcp_seg_free      tcp.o
    0x0800dea0   0x0800dea0   0x00000012   Code   RO         6973    i.tcp_segs_free     tcp.o
    0x0800deb2   0x0800deb2   0x00000002   PAD
    0x0800deb4   0x0800deb4   0x000000ec   Code   RO         7354    i.tcp_send_empty_ack  tcp_out.o
    0x0800dfa0   0x0800dfa0   0x000000cc   Code   RO         7355    i.tcp_send_fin      tcp_out.o
    0x0800e06c   0x0800e06c   0x000000a4   Code   RO         6974    i.tcp_sent          tcp.o
    0x0800e110   0x0800e110   0x000000dc   Code   RO         6976    i.tcp_shutdown      tcp.o
    0x0800e1ec   0x0800e1ec   0x000005d4   Code   RO         6977    i.tcp_slowtmr       tcp.o
    0x0800e7c0   0x0800e7c0   0x00000230   Code   RO         7356    i.tcp_split_unsent_seg  tcp_out.o
    0x0800e9f0   0x0800e9f0   0x00000034   Code   RO         7504    i.tcp_timer_needed  timeouts.o
    0x0800ea24   0x0800ea24   0x00000100   Code   RO         7256    i.tcp_timewait_input  tcp_in.o
    0x0800eb24   0x0800eb24   0x00000020   Code   RO         6979    i.tcp_tmr           tcp.o
    0x0800eb44   0x0800eb44   0x00000010   Code   RO         7257    i.tcp_trigger_input_pcb_close  tcp_in.o
    0x0800eb54   0x0800eb54   0x000000f4   Code   RO         6981    i.tcp_update_rcv_ann_wnd  tcp.o
    0x0800ec48   0x0800ec48   0x000006c4   Code   RO         7357    i.tcp_write         tcp_out.o
    0x0800f30c   0x0800f30c   0x00000174   Code   RO         7358    i.tcp_write_checks  tcp_out.o
    0x0800f480   0x0800f480   0x00000144   Code   RO         7359    i.tcp_zero_window_probe  tcp_out.o
    0x0800f5c4   0x0800f5c4   0x00000110   Code   RO         5860    i.tcpip_init        tcpip.o
    0x0800f6d4   0x0800f6d4   0x000000c0   Code   RO         5861    i.tcpip_inpkt       tcpip.o
    0x0800f794   0x0800f794   0x0000001c   Code   RO         5862    i.tcpip_input       tcpip.o
    0x0800f7b0   0x0800f7b0   0x00000020   Code   RO         5863    i.tcpip_send_msg_wait_sem  tcpip.o
    0x0800f7d0   0x0800f7d0   0x00000038   Code   RO         7505    i.tcpip_tcp_timer   timeouts.o
    0x0800f808   0x0800f808   0x000000f8   Code   RO         5864    i.tcpip_thread      tcpip.o
    0x0800f900   0x0800f900   0x000000cc   Code   RO         5865    i.tcpip_thread_handle_msg  tcpip.o
    0x0800f9cc   0x0800f9cc   0x000000bc   Code   RO         5866    i.tcpip_try_callback  tcpip.o
    0x0800fa88   0x0800fa88   0x0000013c   Code   RO         7585    i.udp_bind          udp.o
    0x0800fbc4   0x0800fbc4   0x00000100   Code   RO         7587    i.udp_connect       udp.o
    0x0800fcc4   0x0800fcc4   0x00000018   Code   RO         7589    i.udp_init          udp.o
    0x0800fcdc   0x0800fcdc   0x000001e8   Code   RO         7590    i.udp_input         udp.o
    0x0800fec4   0x0800fec4   0x0000010c   Code   RO         7591    i.udp_input_local_match  udp.o
    0x0800ffd0   0x0800ffd0   0x00000034   Code   RO         7592    i.udp_netif_ip_addr_changed  udp.o
    0x08010004   0x08010004   0x0000001a   Code   RO         7593    i.udp_new           udp.o
    0x0801001e   0x0801001e   0x00000004   Code   RO         7594    i.udp_new_ip_type   udp.o
    0x08010022   0x08010022   0x00000002   PAD
    0x08010024   0x08010024   0x00000088   Code   RO         7595    i.udp_recv          udp.o
    0x080100ac   0x080100ac   0x000000b0   Code   RO         7596    i.udp_remove        udp.o
    0x0801015c   0x0801015c   0x00000026   Code   RO         2631    i.uxListRemove      list.o
    0x08010182   0x08010182   0x00000028   Code   RO         2679    i.uxQueueMessagesWaiting  queue.o
    0x080101aa   0x080101aa   0x0000001a   Code   RO         2680    i.uxQueueMessagesWaitingFromISR  queue.o
    0x080101c4   0x080101c4   0x00000018   Code   RO         3655    i.vApplicationGetIdleTaskMemory  cmsis_os2.o
    0x080101dc   0x080101dc   0x00000018   Code   RO         3656    i.vApplicationGetTimerTaskMemory  cmsis_os2.o
    0x080101f4   0x080101f4   0x00000016   Code   RO         2632    i.vListInitialise   list.o
    0x0801020a   0x0801020a   0x00000006   Code   RO         2633    i.vListInitialiseItem  list.o
    0x08010210   0x08010210   0x00000030   Code   RO         2634    i.vListInsert       list.o
    0x08010240   0x08010240   0x00000018   Code   RO         2635    i.vListInsertEnd    list.o
    0x08010258   0x08010258   0x00000048   Code   RO         4076    i.vPortEnterCritical  port.o
    0x080102a0   0x080102a0   0x0000002c   Code   RO         4077    i.vPortExitCritical  port.o
    0x080102cc   0x080102cc   0x00000064   Code   RO         4026    i.vPortFree         heap_4.o
    0x08010330   0x08010330   0x00000024   Code   RO         4078    i.vPortSetupTimerInterrupt  port.o
    0x08010354   0x08010354   0x0000005c   Code   RO         4079    i.vPortValidateInterruptPriority  port.o
    0x080103b0   0x080103b0   0x00000028   Code   RO         2682    i.vQueueAddToRegistry  queue.o
    0x080103d8   0x080103d8   0x00000032   Code   RO         2683    i.vQueueDelete      queue.o
    0x0801040a   0x0801040a   0x00000002   PAD
    0x0801040c   0x0801040c   0x00000028   Code   RO         2685    i.vQueueUnregisterQueue  queue.o
    0x08010434   0x08010434   0x00000044   Code   RO         2686    i.vQueueWaitForMessageRestricted  queue.o
    0x08010478   0x08010478   0x00000050   Code   RO         3092    i.vTaskDelay        tasks.o
    0x080104c8   0x080104c8   0x00000010   Code   RO         3097    i.vTaskInternalSetTimeOutState  tasks.o
    0x080104d8   0x080104d8   0x0000000c   Code   RO         3098    i.vTaskMissedYield  tasks.o
    0x080104e4   0x080104e4   0x00000034   Code   RO         3100    i.vTaskPlaceOnEventList  tasks.o
    0x08010518   0x08010518   0x0000003c   Code   RO         3101    i.vTaskPlaceOnEventListRestricted  tasks.o
    0x08010554   0x08010554   0x00000098   Code   RO         3103    i.vTaskPriorityDisinheritAfterTimeout  tasks.o
    0x080105ec   0x080105ec   0x00000090   Code   RO         3109    i.vTaskStartScheduler  tasks.o
    0x0801067c   0x0801067c   0x00000010   Code   RO         3111    i.vTaskSuspendAll   tasks.o
    0x0801068c   0x0801068c   0x00000068   Code   RO         3112    i.vTaskSwitchContext  tasks.o
    0x080106f4   0x080106f4   0x000000c0   Code   RO         4080    i.xPortStartScheduler  port.o
    0x080107b4   0x080107b4   0x00000030   Code   RO         4081    i.xPortSysTickHandler  port.o
    0x080107e4   0x080107e4   0x00000042   Code   RO         2687    i.xQueueCreateCountingSemaphore  queue.o
    0x08010826   0x08010826   0x00000048   Code   RO         2688    i.xQueueCreateCountingSemaphoreStatic  queue.o
    0x0801086e   0x0801086e   0x00000016   Code   RO         2689    i.xQueueCreateMutex  queue.o
    0x08010884   0x08010884   0x0000001a   Code   RO         2690    i.xQueueCreateMutexStatic  queue.o
    0x0801089e   0x0801089e   0x0000004c   Code   RO         2691    i.xQueueGenericCreate  queue.o
    0x080108ea   0x080108ea   0x00000076   Code   RO         2692    i.xQueueGenericCreateStatic  queue.o
    0x08010960   0x08010960   0x00000098   Code   RO         2693    i.xQueueGenericReset  queue.o
    0x080109f8   0x080109f8   0x00000170   Code   RO         2694    i.xQueueGenericSend  queue.o
    0x08010b68   0x08010b68   0x000000cc   Code   RO         2695    i.xQueueGenericSendFromISR  queue.o
    0x08010c34   0x08010c34   0x000000ac   Code   RO         2698    i.xQueueGiveFromISR  queue.o
    0x08010ce0   0x08010ce0   0x00000042   Code   RO         2699    i.xQueueGiveMutexRecursive  queue.o
    0x08010d22   0x08010d22   0x00000002   PAD
    0x08010d24   0x08010d24   0x00000148   Code   RO         2704    i.xQueueReceive     queue.o
    0x08010e6c   0x08010e6c   0x000000a8   Code   RO         2705    i.xQueueReceiveFromISR  queue.o
    0x08010f14   0x08010f14   0x0000018c   Code   RO         2706    i.xQueueSemaphoreTake  queue.o
    0x080110a0   0x080110a0   0x00000040   Code   RO         2707    i.xQueueTakeMutexRecursive  queue.o
    0x080110e0   0x080110e0   0x00000080   Code   RO         3113    i.xTaskCheckForTimeOut  tasks.o
    0x08011160   0x08011160   0x0000005a   Code   RO         3114    i.xTaskCreate       tasks.o
    0x080111ba   0x080111ba   0x0000005e   Code   RO         3115    i.xTaskCreateStatic  tasks.o
    0x08011218   0x08011218   0x0000000c   Code   RO         3118    i.xTaskGetCurrentTaskHandle  tasks.o
    0x08011224   0x08011224   0x0000001c   Code   RO         3119    i.xTaskGetSchedulerState  tasks.o
    0x08011240   0x08011240   0x0000000c   Code   RO         3120    i.xTaskGetTickCount  tasks.o
    0x0801124c   0x0801124c   0x00000010   Code   RO         3121    i.xTaskGetTickCountFromISR  tasks.o
    0x0801125c   0x0801125c   0x000000cc   Code   RO         3122    i.xTaskIncrementTick  tasks.o
    0x08011328   0x08011328   0x00000084   Code   RO         3125    i.xTaskPriorityDisinherit  tasks.o
    0x080113ac   0x080113ac   0x0000007c   Code   RO         3126    i.xTaskPriorityInherit  tasks.o
    0x08011428   0x08011428   0x00000074   Code   RO         3127    i.xTaskRemoveFromEventList  tasks.o
    0x0801149c   0x0801149c   0x000000c8   Code   RO         3128    i.xTaskResumeAll    tasks.o
    0x08011564   0x08011564   0x00000064   Code   RO         3442    i.xTimerCreateTimerTask  timers.o
    0x080115c8   0x080115c8   0x0000006c   Code   RO         3443    i.xTimerGenericCommand  timers.o
    0x08011634   0x08011634   0x00000024   Data   RO           19    .constdata          main.o
    0x08011658   0x08011658   0x00000010   Data   RO         2467    .constdata          system_stm32f7xx.o
    0x08011668   0x08011668   0x00000006   Data   RO         4680    .constdata          ethernet.o
    0x0801166e   0x0801166e   0x00000006   Data   RO         4681    .constdata          ethernet.o
    0x08011674   0x08011674   0x00000003   Data   RO         5148    .constdata          api_msg.o
    0x08011677   0x08011677   0x00000001   PAD
    0x08011678   0x08011678   0x0000000c   Data   RO         6343    .constdata          memp.o
    0x08011684   0x08011684   0x0000000c   Data   RO         6344    .constdata          memp.o
    0x08011690   0x08011690   0x0000000c   Data   RO         6345    .constdata          memp.o
    0x0801169c   0x0801169c   0x0000000c   Data   RO         6346    .constdata          memp.o
    0x080116a8   0x080116a8   0x0000000c   Data   RO         6347    .constdata          memp.o
    0x080116b4   0x080116b4   0x0000000c   Data   RO         6348    .constdata          memp.o
    0x080116c0   0x080116c0   0x0000000c   Data   RO         6349    .constdata          memp.o
    0x080116cc   0x080116cc   0x0000000c   Data   RO         6350    .constdata          memp.o
    0x080116d8   0x080116d8   0x0000000c   Data   RO         6351    .constdata          memp.o
    0x080116e4   0x080116e4   0x0000000c   Data   RO         6352    .constdata          memp.o
    0x080116f0   0x080116f0   0x0000000c   Data   RO         6353    .constdata          memp.o
    0x080116fc   0x080116fc   0x0000000c   Data   RO         6354    .constdata          memp.o
    0x08011708   0x08011708   0x0000000c   Data   RO         6355    .constdata          memp.o
    0x08011714   0x08011714   0x00000034   Data   RO         6356    .constdata          memp.o
    0x08011748   0x08011748   0x00000054   Data   RO         6982    .constdata          tcp.o
    0x0801179c   0x0801179c   0x00000018   Data   RO         7506    .constdata          timeouts.o
    0x080117b4   0x080117b4   0x00000004   Data   RO         7973    .constdata          ip4_addr.o
    0x080117b8   0x080117b8   0x00000081   Data   RO         8770    .constdata          mc_w.l(ctype_o.o)
    0x08011839   0x08011839   0x00000003   PAD
    0x0801183c   0x0801183c   0x00000004   Data   RO         8771    .constdata          mc_w.l(ctype_o.o)
    0x08011840   0x08011840   0x0000000c   Data   RO           20    .conststring        main.o
    0x0801184c   0x0801184c   0x00000075   Data   RO         6983    .conststring        tcp.o
    0x080118c1   0x080118c1   0x00000003   PAD
    0x080118c4   0x080118c4   0x00000055   Data   RO         7360    .conststring        tcp_out.o
    0x08011919   0x08011919   0x00000003   PAD
    0x0801191c   0x0801191c   0x00000041   Data   RO         7761    .conststring        etharp.o
    0x0801195d   0x0801195d   0x00000003   PAD
    0x08011960   0x08011960   0x00000020   Data   RO         9131    Region$$Table       anon$$obj.o


    Execution Region RW_IRAM1 (Exec base: 0x20000000, Load base: 0x08011980, Size: 0x0000f778, Max: 0x00050000, ABSOLUTE, COMPRESSED[0x00000018])

    Exec Addr    Load Addr    Size         Type   Attr      Idx    E Section Name        Object

    0x20000000   COMPRESSED   0x00000004   Data   RW           21    .data               main.o
    0x20000004   COMPRESSED   0x00000018   Data   RW          356    .data               lwip.o
    0x2000001c   COMPRESSED   0x00000004   Data   RW          422    .data               ethernetif.o
    0x20000020   COMPRESSED   0x0000000c   Data   RW         1701    .data               stm32f7xx_hal.o
    0x2000002c   COMPRESSED   0x00000004   Data   RW         2469    .data               system_stm32f7xx.o
    0x20000030   COMPRESSED   0x0000003c   Data   RW         3131    .data               tasks.o
    0x2000006c   COMPRESSED   0x00000014   Data   RW         3451    .data               timers.o
    0x20000080   COMPRESSED   0x00000004   Data   RW         3658    .data               cmsis_os2.o
    0x20000084   COMPRESSED   0x00000018   Data   RW         4031    .data               heap_4.o
    0x2000009c   COMPRESSED   0x0000000c   Data   RW         4082    .data               port.o
    0x200000a8   COMPRESSED   0x00000010   Data   RW         5867    .data               tcpip.o
    0x200000b8   COMPRESSED   0x00000010   Data   RW         6254    .data               mem.o
    0x200000c8   COMPRESSED   0x00000004   Data   RW         6357    .data               memp.o
    0x200000cc   COMPRESSED   0x00000004   Data   RW         6358    .data               memp.o
    0x200000d0   COMPRESSED   0x00000004   Data   RW         6359    .data               memp.o
    0x200000d4   COMPRESSED   0x00000004   Data   RW         6360    .data               memp.o
    0x200000d8   COMPRESSED   0x00000004   Data   RW         6361    .data               memp.o
    0x200000dc   COMPRESSED   0x00000004   Data   RW         6362    .data               memp.o
    0x200000e0   COMPRESSED   0x00000004   Data   RW         6363    .data               memp.o
    0x200000e4   COMPRESSED   0x00000004   Data   RW         6364    .data               memp.o
    0x200000e8   COMPRESSED   0x00000004   Data   RW         6365    .data               memp.o
    0x200000ec   COMPRESSED   0x00000004   Data   RW         6366    .data               memp.o
    0x200000f0   COMPRESSED   0x00000004   Data   RW         6367    .data               memp.o
    0x200000f4   COMPRESSED   0x00000004   Data   RW         6368    .data               memp.o
    0x200000f8   COMPRESSED   0x00000004   Data   RW         6369    .data               memp.o
    0x200000fc   COMPRESSED   0x0000000c   Data   RW         6492    .data               netif.o
    0x20000108   COMPRESSED   0x00000001   Data   RW         6685    .data               pbuf.o
    0x20000109   COMPRESSED   0x00000003   PAD
    0x2000010c   COMPRESSED   0x00000020   Data   RW         6984    .data               tcp.o
    0x2000012c   COMPRESSED   0x00000024   Data   RW         7259    .data               tcp_in.o
    0x20000150   COMPRESSED   0x0000000c   Data   RW         7508    .data               timeouts.o
    0x2000015c   COMPRESSED   0x00000008   Data   RW         7601    .data               udp.o
    0x20000164   COMPRESSED   0x00000001   Data   RW         7762    .data               etharp.o
    0x20000165   COMPRESSED   0x00000001   PAD
    0x20000166   COMPRESSED   0x00000002   Data   RW         7917    .data               ip4.o
    0x20000168   COMPRESSED   0x00000008   Data   RW         8044    .data               ip4_frag.o
    0x20000170   COMPRESSED   0x00000004   Data   RW         8313    .data               sys_arch.o
    0x20000174   COMPRESSED   0x00000004   Data   RW         8765    .data               mc_w.l(stdout.o)
    0x20000178   COMPRESSED   0x00000004   Data   RW         8766    .data               mc_w.l(stderr.o)
    0x2000017c   COMPRESSED   0x00000004   Data   RW         8798    .data               mc_w.l(rand.o)
    0x20000180        -       0x00000400   Zero   RW           18    .bss                main.o
    0x20000580        -       0x00000030   Zero   RW          355    .bss                lwip.o
    0x200005b0        -       0x000030e8   Zero   RW          421    .bss                ethernetif.o
    0x20003698        -       0x00000040   Zero   RW         2708    .bss                queue.o
    0x200036d8        -       0x000004c4   Zero   RW         3130    .bss                tasks.o
    0x20003b9c        -       0x00000118   Zero   RW         3450    .bss                timers.o
    0x20003cb4        -       0x000006b8   Zero   RW         3657    .bss                cmsis_os2.o
    0x2000436c        -       0x00003c00   Zero   RW         4030    .bss                heap_4.o
    0x20007f6c        -       0x00000018   Zero   RW         6221    .bss                ip.o
    0x20007f84        -       0x00000653   Zero   RW         6253    .bss                mem.o
    0x200085d7        -       0x00000083   Zero   RW         6330    .bss                memp.o
    0x2000865a        -       0x0000030f   Zero   RW         6331    .bss                memp.o
    0x20008969        -       0x000000e3   Zero   RW         6332    .bss                memp.o
    0x20008a4c        -       0x00000103   Zero   RW         6333    .bss                memp.o
    0x20008b4f        -       0x000000a3   Zero   RW         6334    .bss                memp.o
    0x20008bf2        -       0x0000016b   Zero   RW         6335    .bss                memp.o
    0x20008d5d        -       0x00000023   Zero   RW         6336    .bss                memp.o
    0x20008d80        -       0x000000a3   Zero   RW         6337    .bss                memp.o
    0x20008e23        -       0x00000083   Zero   RW         6338    .bss                memp.o
    0x20008ea6        -       0x00000083   Zero   RW         6339    .bss                memp.o
    0x20008f29        -       0x00000033   Zero   RW         6340    .bss                memp.o
    0x20008f5c        -       0x00000103   Zero   RW         6341    .bss                memp.o
    0x2000905f        -       0x00002603   Zero   RW         6342    .bss                memp.o
    0x2000b662   COMPRESSED   0x00000002   PAD
    0x2000b664        -       0x00000010   Zero   RW         7258    .bss                tcp_in.o
    0x2000b674        -       0x000000f0   Zero   RW         7760    .bss                etharp.o
    0x2000b764        -       0x00000010   Zero   RW         7972    .bss                ip4_addr.o
    0x2000b774   COMPRESSED   0x00000004   PAD
    0x2000b778        -       0x00004000   Zero   RW            1    STACK               startup_stm32f746xx.o


==============================================================================

Image component sizes


      Code (inc. data)   RO Data    RW Data    ZI Data      Debug   Object Name

      2502       1278          0          0          0      41161   api_lib.o
      6606       3002          3          0          0      39532   api_msg.o
         0          0          0          0          0       2204   auth.o
         0          0          0          0          0       5899   bridgeif.o
      1728        112          0          4       1720      47367   cmsis_os2.o
         8          0          0          0          0       1146   def.o
         0          0          0          0          0       2460   err.o
      2932       1184         65          1        240      13135   etharp.o
       412        154         12          0          0       2818   ethernet.o
      1160        172          0          4      12520       7248   ethernetif.o
         0          0          0          0          0      18440   event_groups.o
       484         24          0         24      15360       4959   heap_4.o
       780        350          0          0          0       4586   icmp.o
        34          0          0          0          0      10171   init.o
         0          0          0          0         24       3258   ip.o
       918        182          0          2          0       5760   ip4.o
       590        122          4          0         16      13349   ip4_addr.o
      2912       1160          0          8          0      12126   ip4_frag.o
       138          0          0          0          0       3678   list.o
       252         18          0         24         48       1533   lwip.o
       752        256         48          4       1024     840009   main.o
      2172       1044          0         16       1619       8317   mem.o
       746        500        208         52      12427      11272   memp.o
        34          0          0          0          0      10096   netbuf.o
      1414        742          0         12          0      14360   netif.o
      3406       1802          0          1          0      17277   pbuf.o
       774         80          0         12          0      11833   port.o
      2898         30          0          0         64      32969   queue.o
        68         14          0          0          0       3563   retarget_io.o
        36          8        456          0      16384        856   startup_stm32f746xx.o
       150         24          0         12          0       9205   stm32f7xx_hal.o
       198         12          0          0          0      39107   stm32f7xx_hal_cortex.o
      2006         66          0          0          0      12936   stm32f7xx_hal_eth.o
       472         52          0          0          0       1940   stm32f7xx_hal_gpio.o
        56          4          0          0          0        874   stm32f7xx_hal_msp.o
       108          8          0          0          0       1308   stm32f7xx_hal_pwr_ex.o
      1312         46          0          0          0       4578   stm32f7xx_hal_rcc.o
        48          6          0          0          0       3876   stm32f7xx_it.o
         0          0          0          0          0        392   stream_buffer.o
       440         16          0          4          0      18640   sys_arch.o
        28          6         16          4          0       1199   system_stm32f7xx.o
      2480        198          0         60       1220      31584   tasks.o
      7988       3904        201         32          0      43356   tcp.o
      6958       2032          0         36         16      22999   tcp_in.o
      8576       4064         85          0          0      35646   tcp_out.o
      1164        666          0         16          0       8610   tcpip.o
       760        374         24         12          0       7755   timeouts.o
       996         84          0         20        280      32415   timers.o
      1746        856          0          8          0      10535   udp.o

    ----------------------------------------------------------------------
     69300      24652       1164        372      62968    1478337   Object Totals
         0          0         32          0          0          0   (incl. Generated)
        58          0         10          4          6          0   (incl. Padding)

    ----------------------------------------------------------------------

      Code (inc. data)   RO Data    RW Data    ZI Data      Debug   Library Member Name

        86          0          0          0          0          0   __dczerorl2.o
         8          4        133          0          0         68   ctype_o.o
         0          0          0          0          0          0   entry.o
         0          0          0          0          0          0   entry10a.o
         0          0          0          0          0          0   entry11a.o
         8          4          0          0          0          0   entry2.o
         4          0          0          0          0          0   entry5.o
         0          0          0          0          0          0   entry7b.o
         0          0          0          0          0          0   entry8b.o
         8          4          0          0          0          0   entry9a.o
        30          0          0          0          0          0   handlers.o
        36          8          0          0          0         68   init.o
        30          0          0          0          0         68   llshl.o
        32          0          0          0          0         68   llushr.o
        26          0          0          0          0         80   memcmp.o
        64          0          0          0          0         76   memmovea.o
        36          0          0          0          0        108   memseta.o
       916         20          0          0          0        504   printf6.o
        36         10          0          4          0        136   rand.o
         0          0          0          4          0          0   stderr.o
         0          0          0          4          0          0   stdout.o
        44          0          0          0          0         80   uidiv.o
        98          0          0          0          0         92   uldiv.o

    ----------------------------------------------------------------------
      1464         50        136         12          0       1348   Library Totals
         2          0          3          0          0          0   (incl. Padding)

    ----------------------------------------------------------------------

      Code (inc. data)   RO Data    RW Data    ZI Data      Debug   Library Name

      1462         50        133         12          0       1348   mc_w.l

    ----------------------------------------------------------------------
      1464         50        136         12          0       1348   Library Totals

    ----------------------------------------------------------------------

==============================================================================


      Code (inc. data)   RO Data    RW Data    ZI Data      Debug   

     70764      24702       1300        384      62968    1440597   Grand Totals
     70764      24702       1300         24      62968    1440597   ELF Image Totals (compressed)
     70764      24702       1300         24          0          0   ROM Totals

==============================================================================

    Total RO  Size (Code + RO Data)                72064 (  70.38kB)
    Total RW  Size (RW Data + ZI Data)             63352 (  61.87kB)
    Total ROM Size (Code + RO Data + RW Data)      72088 (  70.40kB)

==============================================================================

